Component: ARM Compiler 5.06 update 7 (build 960) Tool: armlink [4d3601]

==============================================================================

Section Cross References

    startup_stm32f103xb.o(RESET) refers to startup_stm32f103xb.o(STACK) for __initial_sp
    startup_stm32f103xb.o(RESET) refers to startup_stm32f103xb.o(.text) for Reset_Handler
    startup_stm32f103xb.o(RESET) refers to stm32f1xx_it.o(i.NMI_Handler) for NMI_Handler
    startup_stm32f103xb.o(RESET) refers to stm32f1xx_it.o(i.HardFault_Handler) for HardFault_Handler
    startup_stm32f103xb.o(RESET) refers to stm32f1xx_it.o(i.MemManage_Handler) for MemManage_Handler
    startup_stm32f103xb.o(RESET) refers to stm32f1xx_it.o(i.BusFault_Handler) for BusFault_Handler
    startup_stm32f103xb.o(RESET) refers to stm32f1xx_it.o(i.UsageFault_Handler) for UsageFault_Handler
    startup_stm32f103xb.o(RESET) refers to port.o(.emb_text) for SVC_Handler
    startup_stm32f103xb.o(RESET) refers to stm32f1xx_it.o(i.DebugMon_Handler) for DebugMon_Handler
    startup_stm32f103xb.o(RESET) refers to stm32f1xx_it.o(i.SysTick_Handler) for SysTick_Handler
    startup_stm32f103xb.o(.text) refers to system_stm32f1xx.o(i.SystemInit) for SystemInit
    startup_stm32f103xb.o(.text) refers to entry.o(.ARM.Collect$$$$00000000) for __main
    main.o(i.SystemClock_Config) refers to memseta.o(.text) for __aeabi_memclr4
    main.o(i.SystemClock_Config) refers to stm32f1xx_hal_rcc.o(i.HAL_RCC_OscConfig) for HAL_RCC_OscConfig
    main.o(i.SystemClock_Config) refers to main.o(i.Error_Handler) for Error_Handler
    main.o(i.SystemClock_Config) refers to stm32f1xx_hal_rcc.o(i.HAL_RCC_ClockConfig) for HAL_RCC_ClockConfig
    main.o(i.main) refers to stm32f1xx_hal.o(i.HAL_Init) for HAL_Init
    main.o(i.main) refers to main.o(i.SystemClock_Config) for SystemClock_Config
    main.o(i.main) refers to gpio.o(i.MX_GPIO_Init) for MX_GPIO_Init
    main.o(i.main) refers to spi.o(i.MX_SPI2_Init) for MX_SPI2_Init
    main.o(i.main) refers to usart.o(i.MX_USART1_UART_Init) for MX_USART1_UART_Init
    main.o(i.main) refers to can.o(i.MX_CAN_Init) for MX_CAN_Init
    main.o(i.main) refers to strrchr.o(.text) for strrchr
    main.o(i.main) refers to printfa.o(i.__0printf) for __2printf
    main.o(i.main) refers to app_task.o(i.App_Task_Start) for App_Task_Start
    gpio.o(i.MX_GPIO_Init) refers to stm32f1xx_hal_gpio.o(i.HAL_GPIO_WritePin) for HAL_GPIO_WritePin
    gpio.o(i.MX_GPIO_Init) refers to stm32f1xx_hal_gpio.o(i.HAL_GPIO_Init) for HAL_GPIO_Init
    can.o(i.HAL_CAN_MspDeInit) refers to stm32f1xx_hal_gpio.o(i.HAL_GPIO_DeInit) for HAL_GPIO_DeInit
    can.o(i.HAL_CAN_MspInit) refers to stm32f1xx_hal_gpio.o(i.HAL_GPIO_Init) for HAL_GPIO_Init
    can.o(i.MX_CAN_Init) refers to stm32f1xx_hal_can.o(i.HAL_CAN_Init) for HAL_CAN_Init
    can.o(i.MX_CAN_Init) refers to main.o(i.Error_Handler) for Error_Handler
    can.o(i.MX_CAN_Init) refers to can.o(.bss) for hcan
    spi.o(i.Driver_SPI_ReadByte) refers to stm32f1xx_hal_spi.o(i.HAL_SPI_Receive) for HAL_SPI_Receive
    spi.o(i.Driver_SPI_ReadByte) refers to spi.o(.bss) for hspi2
    spi.o(i.Driver_SPI_Start) refers to stm32f1xx_hal_gpio.o(i.HAL_GPIO_WritePin) for HAL_GPIO_WritePin
    spi.o(i.Driver_SPI_Stop) refers to stm32f1xx_hal_gpio.o(i.HAL_GPIO_WritePin) for HAL_GPIO_WritePin
    spi.o(i.Driver_SPI_WriteByte) refers to stm32f1xx_hal_spi.o(i.HAL_SPI_Transmit) for HAL_SPI_Transmit
    spi.o(i.Driver_SPI_WriteByte) refers to spi.o(.bss) for hspi2
    spi.o(i.HAL_SPI_MspDeInit) refers to stm32f1xx_hal_gpio.o(i.HAL_GPIO_DeInit) for HAL_GPIO_DeInit
    spi.o(i.HAL_SPI_MspInit) refers to stm32f1xx_hal_gpio.o(i.HAL_GPIO_Init) for HAL_GPIO_Init
    spi.o(i.MX_SPI2_Init) refers to stm32f1xx_hal_spi.o(i.HAL_SPI_Init) for HAL_SPI_Init
    spi.o(i.MX_SPI2_Init) refers to main.o(i.Error_Handler) for Error_Handler
    spi.o(i.MX_SPI2_Init) refers to spi.o(.bss) for hspi2
    usart.o(i.HAL_UART_MspDeInit) refers to stm32f1xx_hal_gpio.o(i.HAL_GPIO_DeInit) for HAL_GPIO_DeInit
    usart.o(i.HAL_UART_MspInit) refers to stm32f1xx_hal_gpio.o(i.HAL_GPIO_Init) for HAL_GPIO_Init
    usart.o(i.MX_USART1_UART_Init) refers to stm32f1xx_hal_uart.o(i.HAL_UART_Init) for HAL_UART_Init
    usart.o(i.MX_USART1_UART_Init) refers to main.o(i.Error_Handler) for Error_Handler
    usart.o(i.MX_USART1_UART_Init) refers to usart.o(.bss) for huart1
    stm32f1xx_it.o(i.SysTick_Handler) refers to stm32f1xx_hal.o(i.HAL_IncTick) for HAL_IncTick
    stm32f1xx_it.o(i.SysTick_Handler) refers to tasks.o(i.xTaskGetSchedulerState) for xTaskGetSchedulerState
    stm32f1xx_it.o(i.SysTick_Handler) refers to port.o(i.xPortSysTickHandler) for xPortSysTickHandler
    stm32f1xx_hal_msp.o(i.HAL_MspInit) refers to stm32f1xx_hal_cortex.o(i.HAL_NVIC_SetPriority) for HAL_NVIC_SetPriority
    stm32f1xx_hal_can.o(i.HAL_CAN_DeInit) refers to stm32f1xx_hal_can.o(i.HAL_CAN_Stop) for HAL_CAN_Stop
    stm32f1xx_hal_can.o(i.HAL_CAN_DeInit) refers to can.o(i.HAL_CAN_MspDeInit) for HAL_CAN_MspDeInit
[...]
    i.wizchip_cris_exit                      0x0800869a   Section        0  wizchip_conf.o(i.wizchip_cris_exit)
    i.wizchip_cs_deselect                    0x0800869c   Section        0  wizchip_conf.o(i.wizchip_cs_deselect)
    i.wizchip_cs_select                      0x0800869e   Section        0  wizchip_conf.o(i.wizchip_cs_select)
    i.wizchip_spi_readbyte                   0x080086a0   Section        0  wizchip_conf.o(i.wizchip_spi_readbyte)
    i.wizchip_spi_writebyte                  0x080086a4   Section        0  wizchip_conf.o(i.wizchip_spi_writebyte)
    i.writeCString                           0x080086a6   Section        0  mqttpacket.o(i.writeCString)
    i.writeChar                              0x080086ce   Section        0  mqttpacket.o(i.writeChar)
    i.writeInt                               0x080086da   Section        0  mqttpacket.o(i.writeInt)
    i.writeMQTTString                        0x0800870a   Section        0  mqttpacket.o(i.writeMQTTString)
    i.xPortStartScheduler                    0x08008748   Section        0  port.o(i.xPortStartScheduler)
    i.xPortSysTickHandler                    0x0800877c   Section        0  port.o(i.xPortSysTickHandler)
    i.xTaskCreate                            0x080087b0   Section        0  tasks.o(i.xTaskCreate)
    i.xTaskDelayUntil                        0x08008818   Section        0  tasks.o(i.xTaskDelayUntil)
    i.xTaskGetSchedulerState                 0x0800888c   Section        0  tasks.o(i.xTaskGetSchedulerState)
    i.xTaskGetTickCount                      0x080088ac   Section        0  tasks.o(i.xTaskGetTickCount)
    i.xTaskIncrementTick                     0x080088b8   Section        0  tasks.o(i.xTaskIncrementTick)
    i.xTaskResumeAll                         0x08008a48   Section        0  tasks.o(i.xTaskResumeAll)
    .constdata                               0x08008ba4   Section       18  stm32f1xx_hal_rcc.o(.constdata)
    aPLLMULFactorTable                       0x08008ba4   Data          16  stm32f1xx_hal_rcc.o(.constdata)
    aPredivFactorTable                       0x08008bb4   Data           2  stm32f1xx_hal_rcc.o(.constdata)
    .constdata                               0x08008bb6   Section       24  system_stm32f1xx.o(.constdata)
    .constdata                               0x08008bd0   Section       88  mqttclient.o(.constdata)
    .constdata                               0x08008c28   Section       64  ctype_c.o(.constdata)
    .data                                    0x20000000   Section        9  stm32f1xx_hal.o(.data)
    .data                                    0x2000000c   Section        4  system_stm32f1xx.o(.data)
    .data                                    0x20000010   Section       20  cjson.o(.data)
    global_error                             0x20000010   Data           8  cjson.o(.data)
    global_hooks                             0x20000018   Data          12  cjson.o(.data)
    .data                                    0x20000024   Section        8  app_task.o(.data)
    .data                                    0x2000002c   Section       64  tasks.o(.data)
    pxDelayedTaskList                        0x20000030   Data           4  tasks.o(.data)
    pxOverflowDelayedTaskList                0x20000034   Data           4  tasks.o(.data)
    uxDeletedTasksWaitingCleanUp             0x20000038   Data           4  tasks.o(.data)
    uxCurrentNumberOfTasks                   0x2000003c   Data           4  tasks.o(.data)
    xTickCount                               0x20000040   Data           4  tasks.o(.data)
    uxTopReadyPriority                       0x20000044   Data           4  tasks.o(.data)
    xSchedulerRunning                        0x20000048   Data           4  tasks.o(.data)
    xPendedTicks                             0x2000004c   Data           4  tasks.o(.data)
    xYieldPending                            0x20000050   Data           4  tasks.o(.data)
    xNumOfOverflows                          0x20000054   Data           4  tasks.o(.data)
    uxTaskNumber                             0x20000058   Data           4  tasks.o(.data)
    xNextTaskUnblockTime                     0x2000005c   Data           4  tasks.o(.data)
    xIdleTaskHandle                          0x20000060   Data           4  tasks.o(.data)
    uxSchedulerSuspended                     0x20000068   Data           4  tasks.o(.data)
    .data                                    0x2000006c   Section       28  heap_4.o(.data)
    xStart                                   0x2000006c   Data           8  heap_4.o(.data)
    pxEnd                                    0x20000074   Data           4  heap_4.o(.data)
    xFreeBytesRemaining                      0x20000078   Data           4  heap_4.o(.data)
    xMinimumEverFreeBytesRemaining           0x2000007c   Data           4  heap_4.o(.data)
    xNumberOfSuccessfulAllocations           0x20000080   Data           4  heap_4.o(.data)
    xNumberOfSuccessfulFrees                 0x20000084   Data           4  heap_4.o(.data)
    .data                                    0x20000088   Section        4  port.o(.data)
    uxCriticalNesting                        0x20000088   Data           4  port.o(.data)
    .data                                    0x2000008c   Section      116  inf_w5500.o(.data)
    MQTT_SERVER_IP                           0x2000009e   Data           4  inf_w5500.o(.data)
    .data                                    0x20000100   Section        4  mqtt_interface.o(.data)
    .data                                    0x20000104   Section       14  socket.o(.data)
    sock_any_port                            0x20000104   Data           2  socket.o(.data)
    sock_io_mode                             0x20000106   Data           2  socket.o(.data)
    sock_is_sending                          0x20000108   Data           2  socket.o(.data)
    .data                                    0x20000114   Section       49  wizchip_conf.o(.data)
    _DNS_                                    0x20000140   Data           4  wizchip_conf.o(.data)
    _DHCP_                                   0x20000144   Data           1  wizchip_conf.o(.data)
    .data                                    0x20000148   Section        4  mqttpacket.o(.data)
    bufptr                                   0x20000148   Data           4  mqttpacket.o(.data)
    .data                                    0x2000014c   Section        4  stdout.o(.data)
    .data                                    0x20000150   Section        4  mvars.o(.data)
    .data                                    0x20000154   Section        4  mvars.o(.data)
    .bss                                     0x20000158   Section       40  can.o(.bss)
    .bss                                     0x20000180   Section       88  spi.o(.bss)
    .bss                                     0x200001d8   Section       72  usart.o(.bss)
    .bss                                     0x20000220   Section      720  tasks.o(.bss)
    pxReadyTasksLists                        0x20000220   Data         620  tasks.o(.bss)
    xDelayedTaskList1                        0x2000048c   Data          20  tasks.o(.bss)
    xDelayedTaskList2                        0x200004a0   Data          20  tasks.o(.bss)
    xPendingReadyList                        0x200004b4   Data          20  tasks.o(.bss)
    xTasksWaitingTermination                 0x200004c8   Data          20  tasks.o(.bss)
    xSuspendedTaskList                       0x200004dc   Data          20  tasks.o(.bss)
    .bss                                     0x200004f0   Section    10240  heap_4.o(.bss)
    ucHeap                                   0x200004f0   Data       10240  heap_4.o(.bss)
    .bss                                     0x20002cf0   Section     3196  inf_w5500.o(.bss)
    mqtt_send_ethernet_buf                   0x2000315c   Data        1024  inf_w5500.o(.bss)
    mqtt_recv_ethernet_buf                   0x2000355c   Data        1024  inf_w5500.o(.bss)
    .bss                                     0x2000396c   Section       16  socket.o(.bss)
    sock_remained_size                       0x2000396c   Data          16  socket.o(.bss)
    .bss                                     0x2000397c   Section       52  driver_can.o(.bss)
    HEAP                                     0x200039b0   Section     1536  startup_stm32f103xb.o(HEAP)
    STACK                                    0x20003fb0   Section     2048  startup_stm32f103xb.o(STACK)

    Global Symbols

    Symbol Name                              Value     Ov Type        Size  Object(Section)

    BuildAttributes$$THM_ISAv4$P$D$K$B$S$PE$A:L22UL41UL21$X:L11$S22US41US21$IEEE1$IW$USESV6$~STKCKD$USESV7$~SHL$OTIME$ROPI$IEEEJ$EBA8$MICROLIB$REQ8$PRES8$EABIv2 0x00000000   Number         0  anon$$obj.o ABSOLUTE
    __ARM_use_no_argv                        0x00000000   Number         0  main.o ABSOLUTE
    _printf_a                                0x00000000   Number         0  stubs.o ABSOLUTE
    _printf_c                                0x00000000   Number         0  stubs.o ABSOLUTE
    _printf_charcount                        0x00000000   Number         0  stubs.o ABSOLUTE
    _printf_d                                0x00000000   Number         0  stubs.o ABSOLUTE
    _printf_e                                0x00000000   Number         0  stubs.o ABSOLUTE
    _printf_f                                0x00000000   Number         0  stubs.o ABSOLUTE
    _printf_flags                            0x00000000   Number         0  stubs.o ABSOLUTE
    _printf_fp_dec                           0x00000000   Number         0  stubs.o ABSOLUTE
    _printf_fp_hex                           0x00000000   Number         0  stubs.o ABSOLUTE
    _printf_g                                0x00000000   Number         0  stubs.o ABSOLUTE
    _printf_i                                0x00000000   Number         0  stubs.o ABSOLUTE
    _printf_int_dec                          0x00000000   Number         0  stubs.o ABSOLUTE
    _printf_l                                0x00000000   Number         0  stubs.o ABSOLUTE
    _printf_lc                               0x00000000   Number         0  stubs.o ABSOLUTE
    _printf_ll                               0x00000000   Number         0  stubs.o ABSOLUTE
    _printf_lld                              0x00000000   Number         0  stubs.o ABSOLUTE
    _printf_lli                              0x00000000   Number         0  stubs.o ABSOLUTE
    _printf_llo                              0x00000000   Number         0  stubs.o ABSOLUTE
    _printf_llu                              0x00000000   Number         0  stubs.o ABSOLUTE
    _printf_llx                              0x00000000   Number         0  stubs.o ABSOLUTE
    _printf_longlong_dec                     0x00000000   Number         0  stubs.o ABSOLUTE
    _printf_longlong_hex                     0x00000000   Number         0  stubs.o ABSOLUTE
    _printf_longlong_oct                     0x00000000   Number         0  stubs.o ABSOLUTE
    _printf_ls                               0x00000000   Number         0  stubs.o ABSOLUTE
    _printf_mbtowc                           0x00000000   Number         0  stubs.o ABSOLUTE
    _printf_n                                0x00000000   Number         0  stubs.o ABSOLUTE
    _printf_o                                0x00000000   Number         0  stubs.o ABSOLUTE
    _printf_p                                0x00000000   Number         0  stubs.o ABSOLUTE
    _printf_percent                          0x00000000   Number         0  stubs.o ABSOLUTE
    _printf_pre_padding                      0x00000000   Number         0  stubs.o ABSOLUTE
    _printf_return_value                     0x00000000   Number         0  stubs.o ABSOLUTE
    _printf_s                                0x00000000   Number         0  stubs.o ABSOLUTE
    _printf_sizespec                         0x00000000   Number         0  stubs.o ABSOLUTE
    _printf_str                              0x00000000   Number         0  stubs.o ABSOLUTE
    _printf_truncate_signed                  0x00000000   Number         0  stubs.o ABSOLUTE
    _printf_truncate_unsigned                0x00000000   Number         0  stubs.o ABSOLUTE
    _printf_u                                0x00000000   Number         0  stubs.o ABSOLUTE
    _printf_wc                               0x00000000   Number         0  stubs.o ABSOLUTE
    _printf_wctomb                           0x00000000   Number         0  stubs.o ABSOLUTE
    _printf_widthprec                        0x00000000   Number         0  stubs.o ABSOLUTE
    _printf_x                                0x00000000   Number         0  stubs.o ABSOLUTE
    __arm_fini_                               - Undefined Weak Reference
    __cpp_initialize__aeabi_                  - Undefined Weak Reference
    __cxa_finalize                            - Undefined Weak Reference
    _clock_init                               - Undefined Weak Reference
    _microlib_exit                            - Undefined Weak Reference
    _scanf_int                                - Undefined Weak Reference
    _scanf_longlong                           - Undefined Weak Reference
    _scanf_string                             - Undefined Weak Reference
    __Vectors_Size                           0x000000ec   Number         0  startup_stm32f103xb.o ABSOLUTE
    __Vectors                                0x08000000   Data           4  startup_stm32f103xb.o(RESET)
    __Vectors_End                            0x080000ec   Data           0  startup_stm32f103xb.o(RESET)
    __main                                   0x080000ed   Thumb Code     0  entry.o(.ARM.Collect$$$$00000000)
    _main_stk                                0x080000ed   Thumb Code     0  entry2.o(.ARM.Collect$$$$00000001)
    _main_scatterload                        0x080000f1   Thumb Code     0  entry5.o(.ARM.Collect$$$$00000004)
    __main_after_scatterload                 0x080000f5   Thumb Code     0  entry5.o(.ARM.Collect$$$$00000004)
    _main_clock                              0x080000f5   Thumb Code     0  entry7b.o(.ARM.Collect$$$$00000008)
    _main_cpp_init                           0x080000f5   Thumb Code     0  entry8b.o(.ARM.Collect$$$$0000000A)
    _main_init                               0x080000f5   Thumb Code     0  entry9a.o(.ARM.Collect$$$$0000000B)
    __rt_lib_shutdown_fini                   0x080000fd   Thumb Code     0  entry12b.o(.ARM.Collect$$$$0000000E)
    __rt_final_cpp                           0x08000101   Thumb Code     0  entry10a.o(.ARM.Collect$$$$0000000F)
    __rt_final_exit                          0x08000101   Thumb Code     0  entry11a.o(.ARM.Collect$$$$00000011)
    SVC_Handler                              0x08000105   Thumb Code    32  port.o(.emb_text)
    __asm___6_port_c_39a90d8d__prvStartFirstTask 0x08000129   Thumb Code    28  port.o(.emb_text)
    PendSV_Handler                           0x08000149   Thumb Code    72  port.o(.emb_text)
    vPortGetIPSR                             0x08000195   Thumb Code     6  port.o(.emb_text)
    Reset_Handler                            0x0800019d   Thumb Code     8  startup_stm32f103xb.o(.text)
    ADC1_2_IRQHandler                        0x080001b7   Thumb Code     0  startup_stm32f103xb.o(.text)
    CAN1_RX1_IRQHandler                      0x080001b7   Thumb Code     0  startup_stm32f103xb.o(.text)
    CAN1_SCE_IRQHandler                      0x080001b7   Thumb Code     0  startup_stm32f103xb.o(.text)
    DMA1_Channel1_IRQHandler                 0x080001b7   Thumb Code     0  startup_stm32f103xb.o(.text)
    DMA1_Channel2_IRQHandler                 0x080001b7   Thumb Code     0  startup_stm32f103xb.o(.text)
    DMA1_Channel3_IRQHandler                 0x080001b7   Thumb Code     0  startup_stm32f103xb.o(.text)
    DMA1_Channel4_IRQHandler                 0x080001b7   Thumb Code     0  startup_stm32f103xb.o(.text)
    DMA1_Channel5_IRQHandler                 0x080001b7   Thumb Code     0  startup_stm32f103xb.o(.text)
    DMA1_Channel6_IRQHandler                 0x080001b7   Thumb Code     0  startup_stm32f103xb.o(.text)
    DMA1_Channel7_IRQHandler                 0x080001b7   Thumb Code     0  startup_stm32f103xb.o(.text)
    EXTI0_IRQHandler                         0x080001b7   Thumb Code     0  startup_stm32f103xb.o(.text)
    EXTI15_10_IRQHandler                     0x080001b7   Thumb Code     0  startup_stm32f103xb.o(.text)
    EXTI1_IRQHandler                         0x080001b7   Thumb Code     0  startup_stm32f103xb.o(.text)
    EXTI2_IRQHandler                         0x080001b7   Thumb Code     0  startup_stm32f103xb.o(.text)
    EXTI3_IRQHandler                         0x080001b7   Thumb Code     0  startup_stm32f103xb.o(.text)
    EXTI4_IRQHandler                         0x080001b7   Thumb Code     0  startup_stm32f103xb.o(.text)
    EXTI9_5_IRQHandler                       0x080001b7   Thumb Code     0  startup_stm32f103xb.o(.text)
    FLASH_IRQHandler                         0x080001b7   Thumb Code     0  startup_stm32f103xb.o(.text)
    I2C1_ER_IRQHandler                       0x080001b7   Thumb Code     0  startup_stm32f103xb.o(.text)
    I2C1_EV_IRQHandler                       0x080001b7   Thumb Code     0  startup_stm32f103xb.o(.text)
    I2C2_ER_IRQHandler                       0x080001b7   Thumb Code     0  startup_stm32f103xb.o(.text)
    I2C2_EV_IRQHandler                       0x080001b7   Thumb Code     0  startup_stm32f103xb.o(.text)
    PVD_IRQHandler                           0x080001b7   Thumb Code     0  startup_stm32f103xb.o(.text)
    RCC_IRQHandler                           0x080001b7   Thumb Code     0  startup_stm32f103xb.o(.text)
    RTC_Alarm_IRQHandler                     0x080001b7   Thumb Code     0  startup_stm32f103xb.o(.text)
    RTC_IRQHandler                           0x080001b7   Thumb Code     0  startup_stm32f103xb.o(.text)
    SPI1_IRQHandler                          0x080001b7   Thumb Code     0  startup_stm32f103xb.o(.text)
    SPI2_IRQHandler                          0x080001b7   Thumb Code     0  startup_stm32f103xb.o(.text)
    TAMPER_IRQHandler                        0x080001b7   Thumb Code     0  startup_stm32f103xb.o(.text)
    TIM1_BRK_IRQHandler                      0x080001b7   Thumb Code     0  startup_stm32f103xb.o(.text)
    TIM1_CC_IRQHandler                       0x080001b7   Thumb Code     0  startup_stm32f103xb.o(.text)
    TIM1_TRG_COM_IRQHandler                  0x080001b7   Thumb Code     0  startup_stm32f103xb.o(.text)
    TIM1_UP_IRQHandler                       0x080001b7   Thumb Code     0  startup_stm32f103xb.o(.text)
    TIM2_IRQHandler                          0x080001b7   Thumb Code     0  startup_stm32f103xb.o(.text)
    TIM3_IRQHandler                          0x080001b7   Thumb Code     0  startup_stm32f103xb.o(.text)
    TIM4_IRQHandler                          0x080001b7   Thumb Code     0  startup_stm32f103xb.o(.text)
    USART1_IRQHandler                        0x080001b7   Thumb Code     0  startup_stm32f103xb.o(.text)
    USART2_IRQHandler                        0x080001b7   Thumb Code     0  startup_stm32f103xb.o(.text)
    USART3_IRQHandler                        0x080001b7   Thumb Code     0  startup_stm32f103xb.o(.text)
    USBWakeUp_IRQHandler                     0x080001b7   Thumb Code     0  startup_stm32f103xb.o(.text)
    USB_HP_CAN1_TX_IRQHandler                0x080001b7   Thumb Code     0  startup_stm32f103xb.o(.text)
    USB_LP_CAN1_RX0_IRQHandler               0x080001b7   Thumb Code     0  startup_stm32f103xb.o(.text)
    WWDG_IRQHandler                          0x080001b7   Thumb Code     0  startup_stm32f103xb.o(.text)
    __aeabi_llsr                             0x080001c1   Thumb Code    32  llushr.o(.text)
    _ll_ushift_r                             0x080001c1   Thumb Code     0  llushr.o(.text)
    tolower                                  0x080001e1   Thumb Code    12  tolower.o(.text)
    __aeabi_memcpy                           0x080001ed   Thumb Code    36  memcpya.o(.text)
    __aeabi_memcpy4                          0x080001ed   Thumb Code     0  memcpya.o(.text)
    __aeabi_memcpy8                          0x080001ed   Thumb Code     0  memcpya.o(.text)
    __aeabi_memset                           0x08000211   Thumb Code    14  memseta.o(.text)
    __aeabi_memset4                          0x08000211   Thumb Code     0  memseta.o(.text)
    __aeabi_memset8                          0x08000211   Thumb Code     0  memseta.o(.text)
    __aeabi_memclr                           0x0800021f   Thumb Code     4  memseta.o(.text)
    __aeabi_memclr4                          0x0800021f   Thumb Code     0  memseta.o(.text)
    __aeabi_memclr8                          0x0800021f   Thumb Code     0  memseta.o(.text)
    _memset$wrapper                          0x08000223   Thumb Code    18  memseta.o(.text)
    strlen                                   0x08000235   Thumb Code    14  strlen.o(.text)
    strcmp                                   0x08000243   Thumb Code    28  strcmp.o(.text)
    strcpy                                   0x0800025f   Thumb Code    18  strcpy.o(.text)
    strncmp                                  0x08000271   Thumb Code    30  strncmp.o(.text)
    strrchr                                  0x0800028f   Thumb Code    22  strrchr.o(.text)
    __0sscanf                                0x080002a5   Thumb Code    48  __0sscanf.o(.text)
    _scanf_real                              0x08000405   Thumb Code     0  scanf_fp.o(.text)
    _scanf_really_real                       0x08000405   Thumb Code   556  scanf_fp.o(.text)
    __aeabi_dadd                             0x0800063d   Thumb Code   322  dadd.o(.text)
    __aeabi_dsub                             0x0800077f   Thumb Code     6  dadd.o(.text)
    __aeabi_drsub                            0x08000785   Thumb Code     6  dadd.o(.text)
    __aeabi_dmul                             0x0800078b   Thumb Code   228  dmul.o(.text)
    __aeabi_i2d                              0x0800086f   Thumb Code    34  dflti.o(.text)
    __aeabi_ui2d                             0x08000891   Thumb Code    26  dfltui.o(.text)
    __aeabi_d2iz                             0x080008ab   Thumb Code    62  dfixi.o(.text)
    __aeabi_cdcmpeq                          0x080008e9   Thumb Code     0  cdcmple.o(.text)
    __aeabi_cdcmple                          0x080008e9   Thumb Code    48  cdcmple.o(.text)
    __aeabi_cdrcmple                         0x08000919   Thumb Code    48  cdrcmple.o(.text)
    __aeabi_uidiv                            0x08000949   Thumb Code     0  uidiv.o(.text)
    __aeabi_uidivmod                         0x08000949   Thumb Code    44  uidiv.o(.text)
    __aeabi_uldivmod                         0x08000975   Thumb Code    98  uldiv.o(.text)
    __aeabi_llsl                             0x080009d7   Thumb Code    30  llshl.o(.text)
    _ll_shift_l                              0x080009d7   Thumb Code     0  llshl.o(.text)
    __aeabi_lasr                             0x080009f5   Thumb Code    36  llsshr.o(.text)
    _ll_sshift_r                             0x080009f5   Thumb Code     0  llsshr.o(.text)
    __vfscanf_char                           0x08000a25   Thumb Code    20  scanf_char.o(.text)
    _sgetc                                   0x08000a41   Thumb Code    30  _sgetc.o(.text)
    _sbackspace                              0x08000a5f   Thumb Code    34  _sgetc.o(.text)
    __strtod_int                             0x08000ab7   Thumb Code    90  strtod.o(.text)
    __I$use$fp                               0x08000b1d   Thumb Code     0  iusefp.o(.text)
    _double_round                            0x08000b1d   Thumb Code    30  depilogue.o(.text)
    _double_epilogue                         0x08000b3b   Thumb Code   156  depilogue.o(.text)
    __aeabi_ddiv                             0x08000bd7   Thumb Code   222  ddiv.o(.text)
    __aeabi_ul2d                             0x08000cb5   Thumb Code    24  dfltul.o(.text)
    __aeabi_d2ulz                            0x08000ccd   Thumb Code    48  dfixul.o(.text)
    __aeabi_d2f                              0x08000cfd   Thumb Code    56  d2f.o(.text)
    __scatterload                            0x08000d35   Thumb Code    28  init.o(.text)
    __scatterload_rt2                        0x08000d35   Thumb Code     0  init.o(.text)
    isspace                                  0x08000d59   Thumb Code    10  isspace_c.o(.text)
    __vfscanf                                0x08000d65   Thumb Code   810  _scanf.o(.text)
    _float_round                             0x08001095   Thumb Code    18  fepilogue.o(.text)
    _float_epilogue                          0x080010a7   Thumb Code    92  fepilogue.o(.text)
    __ctype_lookup                           0x08001105   Thumb Code    34  ctype_c.o(.text)
    __decompress                             0x0800112d   Thumb Code     0  __dczerorl2.o(.text)
    __decompress1                            0x0800112d   Thumb Code    86  __dczerorl2.o(.text)
    App_Task_CANFunction                     0x08001185   Thumb Code   394  app_task.o(i.App_Task_CANFunction)
    App_Task_MQTTKeepaliveFunction           0x080013a1   Thumb Code   134  app_task.o(i.App_Task_MQTTKeepaliveFunction)
    App_Task_ReceiveMQTT                     0x08001465   Thumb Code   654  app_task.o(i.App_Task_ReceiveMQTT)
    App_Task_Start                           0x080017b1   Thumb Code    30  app_task.o(i.App_Task_Start)
    App_Task_StartFunction                   0x080017dd   Thumb Code   282  app_task.o(i.App_Task_StartFunction)
    BusFault_Handler                         0x08001979   Thumb Code     4  stm32f1xx_it.o(i.BusFault_Handler)
    ConnectNetwork                           0x0800197d   Thumb Code    60  mqtt_interface.o(i.ConnectNetwork)
    DebugMon_Handler                         0x080019b9   Thumb Code     2  stm32f1xx_it.o(i.DebugMon_Handler)
    Driver_Can_Init                          0x080019bd   Thumb Code    44  driver_can.o(i.Driver_Can_Init)
    Driver_Can_Receive                       0x080019ed   Thumb Code    52  driver_can.o(i.Driver_Can_Receive)
    Driver_Can_Transmit                      0x08001a29   Thumb Code    52  driver_can.o(i.Driver_Can_Transmit)
    Driver_SPI_ReadByte                      0x08001a65   Thumb Code    26  spi.o(i.Driver_SPI_ReadByte)
    Driver_SPI_Start                         0x08001a85   Thumb Code    16  spi.o(i.Driver_SPI_Start)
    Driver_SPI_Stop                          0x08001a99   Thumb Code    14  spi.o(i.Driver_SPI_Stop)
    Driver_SPI_WriteByte                     0x08001aad   Thumb Code    18  spi.o(i.Driver_SPI_WriteByte)
    Error_Handler                            0x08001ac5   Thumb Code     6  main.o(i.Error_Handler)
    HAL_CAN_AddTxMessage                     0x08001acb   Thumb Code   330  stm32f1xx_hal_can.o(i.HAL_CAN_AddTxMessage)
    HAL_CAN_ConfigFilter                     0x08001c15   Thumb Code   266  stm32f1xx_hal_can.o(i.HAL_CAN_ConfigFilter)
    HAL_CAN_GetRxFifoFillLevel               0x08001d1f   Thumb Code    40  stm32f1xx_hal_can.o(i.HAL_CAN_GetRxFifoFillLevel)
    HAL_CAN_GetRxMessage                     0x08001d47   Thumb Code   404  stm32f1xx_hal_can.o(i.HAL_CAN_GetRxMessage)
    HAL_CAN_GetTxMailboxesFreeLevel          0x08001edb   Thumb Code    54  stm32f1xx_hal_can.o(i.HAL_CAN_GetTxMailboxesFreeLevel)
    HAL_CAN_Init                             0x08001f11   Thumb Code   372  stm32f1xx_hal_can.o(i.HAL_CAN_Init)
    HAL_CAN_MspInit                          0x08002085   Thumb Code   122  can.o(i.HAL_CAN_MspInit)
    HAL_CAN_Start                            0x0800210d   Thumb Code    94  stm32f1xx_hal_can.o(i.HAL_CAN_Start)
    HAL_Delay                                0x0800216d   Thumb Code    36  stm32f1xx_hal.o(i.HAL_Delay)
    HAL_GPIO_Init                            0x08002195   Thumb Code   766  stm32f1xx_hal_gpio.o(i.HAL_GPIO_Init)
    HAL_GPIO_WritePin                        0x080024b5   Thumb Code    12  stm32f1xx_hal_gpio.o(i.HAL_GPIO_WritePin)
    HAL_GetTick                              0x080024c1   Thumb Code     6  stm32f1xx_hal.o(i.HAL_GetTick)
    HAL_IncTick                              0x080024cd   Thumb Code    16  stm32f1xx_hal.o(i.HAL_IncTick)
    HAL_Init                                 0x080024e5   Thumb Code    34  stm32f1xx_hal.o(i.HAL_Init)
    HAL_InitTick                             0x0800250d   Thumb Code    64  stm32f1xx_hal.o(i.HAL_InitTick)
    HAL_MspInit                              0x08002559   Thumb Code    86  stm32f1xx_hal_msp.o(i.HAL_MspInit)
    HAL_NVIC_SetPriority                     0x080025b9   Thumb Code   124  stm32f1xx_hal_cortex.o(i.HAL_NVIC_SetPriority)
    HAL_NVIC_SetPriorityGrouping             0x08002635   Thumb Code    32  stm32f1xx_hal_cortex.o(i.HAL_NVIC_SetPriorityGrouping)
    HAL_RCC_ClockConfig                      0x0800265d   Thumb Code   376  stm32f1xx_hal_rcc.o(i.HAL_RCC_ClockConfig)
    HAL_RCC_GetHCLKFreq                      0x080027e9   Thumb Code     6  stm32f1xx_hal_rcc.o(i.HAL_RCC_GetHCLKFreq)
    HAL_RCC_GetPCLK1Freq                     0x080027f5   Thumb Code    22  stm32f1xx_hal_rcc.o(i.HAL_RCC_GetPCLK1Freq)
    HAL_RCC_GetPCLK2Freq                     0x08002815   Thumb Code    22  stm32f1xx_hal_rcc.o(i.HAL_RCC_GetPCLK2Freq)
    HAL_RCC_GetSysClockFreq                  0x08002835   Thumb Code    92  stm32f1xx_hal_rcc.o(i.HAL_RCC_GetSysClockFreq)
    HAL_RCC_OscConfig                        0x080028a5   Thumb Code  1114  stm32f1xx_hal_rcc.o(i.HAL_RCC_OscConfig)
    HAL_SPI_Init                             0x08002d09   Thumb Code   190  stm32f1xx_hal_spi.o(i.HAL_SPI_Init)
    HAL_SPI_MspInit                          0x08002dc9   Thumb Code   124  spi.o(i.HAL_SPI_MspInit)
    HAL_SPI_Receive                          0x08002e51   Thumb Code   386  stm32f1xx_hal_spi.o(i.HAL_SPI_Receive)
    HAL_SPI_Transmit                         0x08002fd3   Thumb Code   446  stm32f1xx_hal_spi.o(i.HAL_SPI_Transmit)
    HAL_SPI_TransmitReceive                  0x08003191   Thumb Code   584  stm32f1xx_hal_spi.o(i.HAL_SPI_TransmitReceive)
    HAL_SYSTICK_Config                       0x080033d9   Thumb Code    52  stm32f1xx_hal_cortex.o(i.HAL_SYSTICK_Config)
    HAL_UART_Init                            0x0800340d   Thumb Code   118  stm32f1xx_hal_uart.o(i.HAL_UART_Init)
    HAL_UART_MspInit                         0x08003485   Thumb Code   122  usart.o(i.HAL_UART_MspInit)
    HAL_UART_Transmit                        0x0800350d   Thumb Code   190  stm32f1xx_hal_uart.o(i.HAL_UART_Transmit)
    HardFault_Handler                        0x080035cb   Thumb Code     4  stm32f1xx_it.o(i.HardFault_Handler)
    Inf_MQTT_Init                            0x080035d1   Thumb Code   380  inf_w5500.o(i.Inf_MQTT_Init)
    Inf_MQTT_Keepalive                       0x0800385d   Thumb Code    12  inf_w5500.o(i.Inf_MQTT_Keepalive)
    Inf_MQTT_RegisterReceiveCallback         0x0800386d   Thumb Code     6  inf_w5500.o(i.Inf_MQTT_RegisterReceiveCallback)
    Inf_MQTT_Transmit                        0x08003879   Thumb Code    32  inf_w5500.o(i.Inf_MQTT_Transmit)
    Inf_W5500_Init                           0x08003b21   Thumb Code    16  inf_w5500.o(i.Inf_W5500_Init)
    MQTTClientInit                           0x08003c51   Thumb Code    84  mqttclient.o(i.MQTTClientInit)
    MQTTConnect                              0x08003ca5   Thumb Code   162  mqttclient.o(i.MQTTConnect)
    MQTTDeserialize_ack                      0x08003d4d   Thumb Code   108  mqttdeserializepublish.o(i.MQTTDeserialize_ack)
    MQTTDeserialize_connack                  0x08003db9   Thumb Code   118  mqttconnectclient.o(i.MQTTDeserialize_connack)
    MQTTDeserialize_publish                  0x08003e2f   Thumb Code   168  mqttdeserializepublish.o(i.MQTTDeserialize_publish)
    MQTTDeserialize_suback                   0x08003ed7   Thumb Code   146  mqttsubscribeclient.o(i.MQTTDeserialize_suback)
    MQTTPacket_decode                        0x08003f69   Thumb Code    88  mqttpacket.o(i.MQTTPacket_decode)
    MQTTPacket_decodeBuf                     0x08003fc1   Thumb Code    20  mqttpacket.o(i.MQTTPacket_decodeBuf)
    MQTTPacket_encode                        0x08003fdd   Thumb Code    54  mqttpacket.o(i.MQTTPacket_encode)
    MQTTPacket_equals                        0x08004013   Thumb Code    66  mqttpacket.o(i.MQTTPacket_equals)
    MQTTPacket_len                           0x08004055   Thumb Code    34  mqttpacket.o(i.MQTTPacket_len)
    MQTTPublish                              0x0800407d   Thumb Code   242  mqttclient.o(i.MQTTPublish)
    MQTTSerialize_ack                        0x0800416f   Thumb Code   114  mqttserializepublish.o(i.MQTTSerialize_ack)
    MQTTSerialize_connect                    0x080041e1   Thumb Code   342  mqttconnectclient.o(i.MQTTSerialize_connect)
    MQTTSerialize_connectLength              0x08004349   Thumb Code   118  mqttconnectclient.o(i.MQTTSerialize_connectLength)
    MQTTSerialize_pingreq                    0x080043bf   Thumb Code    18  mqttconnectclient.o(i.MQTTSerialize_pingreq)
    MQTTSerialize_publish                    0x080043d1   Thumb Code   176  mqttserializepublish.o(i.MQTTSerialize_publish)
    MQTTSerialize_publishLength              0x08004481   Thumb Code    34  mqttserializepublish.o(i.MQTTSerialize_publishLength)
    MQTTSerialize_subscribe                  0x080044a3   Thumb Code   174  mqttsubscribeclient.o(i.MQTTSerialize_subscribe)
    MQTTSerialize_subscribeLength            0x08004551   Thumb Code    46  mqttsubscribeclient.o(i.MQTTSerialize_subscribeLength)
    MQTTSerialize_zero                       0x0800457f   Thumb Code    76  mqttconnectclient.o(i.MQTTSerialize_zero)
    MQTTSubscribe                            0x080045cb   Thumb Code   232  mqttclient.o(i.MQTTSubscribe)
    MQTTYield                                0x080046b3   Thumb Code    40  mqttclient.o(i.MQTTYield)
    MQTTstrlen                               0x080046db   Thumb Code    24  mqttpacket.o(i.MQTTstrlen)
    MX_CAN_Init                              0x080046f5   Thumb Code    64  can.o(i.MX_CAN_Init)
    MX_GPIO_Init                             0x0800473d   Thumb Code   196  gpio.o(i.MX_GPIO_Init)
    MX_SPI2_Init                             0x0800480d   Thumb Code    60  spi.o(i.MX_SPI2_Init)
    MX_USART1_UART_Init                      0x08004851   Thumb Code    46  usart.o(i.MX_USART1_UART_Init)
    MemManage_Handler                        0x08004889   Thumb Code     4  stm32f1xx_it.o(i.MemManage_Handler)
    NMI_Handler                              0x0800488d   Thumb Code     4  stm32f1xx_it.o(i.NMI_Handler)
    NewNetwork                               0x08004899   Thumb Code    16  mqtt_interface.o(i.NewNetwork)
    SysTick_Handler                          0x08004a71   Thumb Code    20  stm32f1xx_it.o(i.SysTick_Handler)
    SystemClock_Config                       0x08004a85   Thumb Code   102  main.o(i.SystemClock_Config)
    SystemInit                               0x08004aeb   Thumb Code     2  system_stm32f1xx.o(i.SystemInit)
    TimerCountdown                           0x08004aed   Thumb Code    20  mqtt_interface.o(i.TimerCountdown)
    TimerCountdownMS                         0x08004b05   Thumb Code    10  mqtt_interface.o(i.TimerCountdownMS)
    TimerInit                                0x08004b15   Thumb Code     6  mqtt_interface.o(i.TimerInit)
    TimerIsExpired                           0x08004b1d   Thumb Code    14  mqtt_interface.o(i.TimerIsExpired)
    TimerLeftMS                              0x08004b31   Thumb Code    22  mqtt_interface.o(i.TimerLeftMS)
    UsageFault_Handler                       0x08004d41   Thumb Code     4  stm32f1xx_it.o(i.UsageFault_Handler)
    WIZCHIP_READ                             0x08004d45   Thumb Code   112  w5500.o(i.WIZCHIP_READ)
    WIZCHIP_READ_BUF                         0x08004db9   Thumb Code   136  w5500.o(i.WIZCHIP_READ_BUF)
    WIZCHIP_WRITE                            0x08004e45   Thumb Code   112  w5500.o(i.WIZCHIP_WRITE)
    WIZCHIP_WRITE_BUF                        0x08004eb9   Thumb Code   132  w5500.o(i.WIZCHIP_WRITE_BUF)
    __0printf                                0x08004f41   Thumb Code    22  printfa.o(i.__0printf)
    __1printf                                0x08004f41   Thumb Code     0  printfa.o(i.__0printf)
    __2printf                                0x08004f41   Thumb Code     0  printfa.o(i.__0printf)
    __c89printf                              0x08004f41   Thumb Code     0  printfa.o(i.__0printf)
    printf                                   0x08004f41   Thumb Code     0  printfa.o(i.__0printf)
    __0sprintf                               0x08004f61   Thumb Code    34  printfa.o(i.__0sprintf)
    __1sprintf                               0x08004f61   Thumb Code     0  printfa.o(i.__0sprintf)
    __2sprintf                               0x08004f61   Thumb Code     0  printfa.o(i.__0sprintf)
    __c89sprintf                             0x08004f61   Thumb Code     0  printfa.o(i.__0sprintf)
    sprintf                                  0x08004f61   Thumb Code     0  printfa.o(i.__0sprintf)
    free                                     0x08004fc1   Thumb Code    88  mallocr.o(i.__free$realloc)
    malloc                                   0x0800501d   Thumb Code    64  mallocr.o(i.__malloc$realloc)
    __scatterload_copy                       0x0800506d   Thumb Code    14  handlers.o(i.__scatterload_copy)
    __scatterload_null                       0x0800507b   Thumb Code     2  handlers.o(i.__scatterload_null)
    __scatterload_zeroinit                   0x0800507d   Thumb Code    14  handlers.o(i.__scatterload_zeroinit)
    _is_digit                                0x08005211   Thumb Code    14  scanf_fp.o(i._is_digit)
    bufchar                                  0x080059e1   Thumb Code    36  mqttpacket.o(i.bufchar)
    cJSON_AddNumberToObject                  0x08005a51   Thumb Code    56  cjson.o(i.cJSON_AddNumberToObject)
    cJSON_AddStringToObject                  0x08005a8d   Thumb Code    48  cjson.o(i.cJSON_AddStringToObject)
    cJSON_CreateNumber                       0x08005ac1   Thumb Code    82  cjson.o(i.cJSON_CreateNumber)
    cJSON_CreateObject                       0x08005b25   Thumb Code    20  cjson.o(i.cJSON_CreateObject)
    cJSON_CreateString                       0x08005b3d   Thumb Code    46  cjson.o(i.cJSON_CreateString)
    cJSON_Delete                             0x08005b71   Thumb Code    92  cjson.o(i.cJSON_Delete)
    cJSON_GetObjectItemCaseSensitive         0x08005bd1   Thumb Code    18  cjson.o(i.cJSON_GetObjectItemCaseSensitive)
    cJSON_IsNumber                           0x08005be3   Thumb Code    22  cjson.o(i.cJSON_IsNumber)
    cJSON_IsString                           0x08005bf9   Thumb Code    22  cjson.o(i.cJSON_IsString)
    cJSON_ParseWithLength                    0x08005c29   Thumb Code    20  cjson.o(i.cJSON_ParseWithLength)
    cJSON_ParseWithLengthOpts                0x08005c3d   Thumb Code   204  cjson.o(i.cJSON_ParseWithLengthOpts)
    cJSON_PrintUnformatted                   0x08005d11   Thumb Code    16  cjson.o(i.cJSON_PrintUnformatted)
    close                                    0x08005da9   Thumb Code   142  socket.o(i.close)
    connect                                  0x08005ebd   Thumb Code   342  socket.o(i.connect)
    cycle                                    0x08006019   Thumb Code   318  mqttclient.o(i.cycle)
    deliverMessage                           0x080061c1   Thumb Code   140  mqttclient.o(i.deliverMessage)
    disconnect                               0x0800624d   Thumb Code   180  socket.o(i.disconnect)
    fputc                                    0x080063c1   Thumb Code    22  common_debug.o(i.fputc)
    getSn_RX_RSR                             0x080063f5   Thumb Code   108  w5500.o(i.getSn_RX_RSR)
    getSn_TX_FSR                             0x08006461   Thumb Code   108  w5500.o(i.getSn_TX_FSR)
    keepalive                                0x080065eb   Thumb Code    86  mqttclient.o(i.keepalive)
    main                                     0x08006641   Thumb Code   138  main.o(i.main)
    pvPortMalloc                             0x0800788d   Thumb Code   208  heap_4.o(i.pvPortMalloc)
    pxPortInitialiseStack                    0x08007971   Thumb Code    30  port.o(i.pxPortInitialiseStack)
    readChar                                 0x08007995   Thumb Code    14  mqttpacket.o(i.readChar)
    readInt                                  0x080079a3   Thumb Code    26  mqttpacket.o(i.readInt)
    readMQTTLenString                        0x080079bd   Thumb Code    58  mqttpacket.o(i.readMQTTLenString)
    realloc                                  0x08007a85   Thumb Code   102  mallocr.o(i.realloc)
    recv                                     0x08007af1   Thumb Code   282  socket.o(i.recv)
    reg_wizchip_cris_cbfunc                  0x08007c11   Thumb Code    26  wizchip_conf.o(i.reg_wizchip_cris_cbfunc)
    reg_wizchip_cs_cbfunc                    0x08007c39   Thumb Code    26  wizchip_conf.o(i.reg_wizchip_cs_cbfunc)
    reg_wizchip_spi_cbfunc                   0x08007c61   Thumb Code    40  wizchip_conf.o(i.reg_wizchip_spi_cbfunc)
    send                                     0x08007c95   Thumb Code   374  socket.o(i.send)
    socket                                   0x08007eb1   Thumb Code   384  socket.o(i.socket)
    strtod                                   0x08008045   Thumb Code    28  strtod.o(i.strtod)
    uxListRemove                             0x080081b7   Thumb Code    40  list.o(i.uxListRemove)
    vListInitialise                          0x080081df   Thumb Code    26  list.o(i.vListInitialise)
    vListInitialiseItem                      0x080081f9   Thumb Code     6  list.o(i.vListInitialiseItem)
    vListInsert                              0x080081ff   Thumb Code    52  list.o(i.vListInsert)
    vListInsertEnd                           0x08008233   Thumb Code    24  list.o(i.vListInsertEnd)
    vPortEnterCritical                       0x0800824d   Thumb Code    30  port.o(i.vPortEnterCritical)
    vPortExitCritical                        0x08008271   Thumb Code    28  port.o(i.vPortExitCritical)
    vPortFree                                0x08008291   Thumb Code    68  heap_4.o(i.vPortFree)
    vPortSetupTimerInterrupt                 0x080082dd   Thumb Code    20  port.o(i.vPortSetupTimerInterrupt)
    vTaskDelay                               0x080082f5   Thumb Code    46  tasks.o(i.vTaskDelay)
    vTaskDelete                              0x08008329   Thumb Code   174  tasks.o(i.vTaskDelete)
    vTaskStartScheduler                      0x080083fd   Thumb Code    76  tasks.o(i.vTaskStartScheduler)
    vTaskSuspendAll                          0x08008469   Thumb Code    12  tasks.o(i.vTaskSuspendAll)
    vTaskSwitchContext                       0x08008479   Thumb Code    76  tasks.o(i.vTaskSwitchContext)
    w5x00_disconnect                         0x080084d9   Thumb Code    12  mqtt_interface.o(i.w5x00_disconnect)
    w5x00_read                               0x080084e5   Thumb Code    62  mqtt_interface.o(i.w5x00_read)
    w5x00_write                              0x08008523   Thumb Code    52  mqtt_interface.o(i.w5x00_write)
    waitfor                                  0x08008557   Thumb Code    48  mqttclient.o(i.waitfor)
    wiz_recv_data                            0x08008587   Thumb Code   132  w5500.o(i.wiz_recv_data)
    wiz_send_data                            0x0800860b   Thumb Code   132  w5500.o(i.wiz_send_data)
    wizchip_bus_readdata                     0x0800868f   Thumb Code     6  wizchip_conf.o(i.wizchip_bus_readdata)
    wizchip_bus_writedata                    0x08008695   Thumb Code     4  wizchip_conf.o(i.wizchip_bus_writedata)
    wizchip_cris_enter                       0x08008699   Thumb Code     2  wizchip_conf.o(i.wizchip_cris_enter)
    wizchip_cris_exit                        0x0800869b   Thumb Code     2  wizchip_conf.o(i.wizchip_cris_exit)
    wizchip_cs_deselect                      0x0800869d   Thumb Code     2  wizchip_conf.o(i.wizchip_cs_deselect)
    wizchip_cs_select                        0x0800869f   Thumb Code     2  wizchip_conf.o(i.wizchip_cs_select)
    wizchip_spi_readbyte                     0x080086a1   Thumb Code     4  wizchip_conf.o(i.wizchip_spi_readbyte)
    wizchip_spi_writebyte                    0x080086a5   Thumb Code     2  wizchip_conf.o(i.wizchip_spi_writebyte)
    writeCString                             0x080086a7   Thumb Code    40  mqttpacket.o(i.writeCString)
    writeChar                                0x080086cf   Thumb Code    12  mqttpacket.o(i.writeChar)
    writeInt                                 0x080086db   Thumb Code    48  mqttpacket.o(i.writeInt)
    writeMQTTString                          0x0800870b   Thumb Code    62  mqttpacket.o(i.writeMQTTString)
    xPortStartScheduler                      0x08008749   Thumb Code    42  port.o(i.xPortStartScheduler)
    xPortSysTickHandler                      0x0800877d   Thumb Code    46  port.o(i.xPortSysTickHandler)
    xTaskCreate                              0x080087b1   Thumb Code   104  tasks.o(i.xTaskCreate)
    xTaskDelayUntil                          0x08008819   Thumb Code   108  tasks.o(i.xTaskDelayUntil)
    xTaskGetSchedulerState                   0x0800888d   Thumb Code    24  tasks.o(i.xTaskGetSchedulerState)
    xTaskGetTickCount                        0x080088ad   Thumb Code     6  tasks.o(i.xTaskGetTickCount)
    xTaskIncrementTick                       0x080088b9   Thumb Code   356  tasks.o(i.xTaskIncrementTick)
    xTaskResumeAll                           0x08008a49   Thumb Code   310  tasks.o(i.xTaskResumeAll)
    AHBPrescTable                            0x08008bb6   Data          16  system_stm32f1xx.o(.constdata)
    APBPrescTable                            0x08008bc6   Data           8  system_stm32f1xx.o(.constdata)
    __ctype_categories                       0x08008c28   Data          64  ctype_c.o(.constdata)
    Region$$Table$$Base                      0x08008c68   Number         0  anon$$obj.o(Region$$Table)
    Region$$Table$$Limit                     0x08008c88   Number         0  anon$$obj.o(Region$$Table)
    uwTick                                   0x20000000   Data           4  stm32f1xx_hal.o(.data)
    uwTickPrio                               0x20000004   Data           4  stm32f1xx_hal.o(.data)
    uwTickFreq                               0x20000008   Data           1  stm32f1xx_hal.o(.data)
    SystemCoreClock                          0x2000000c   Data           4  system_stm32f1xx.o(.data)
    mqttKeepaliveHandle                      0x20000024   Data           4  app_task.o(.data)
    canHandle                                0x20000028   Data           4  app_task.o(.data)
    pxCurrentTCB                             0x2000002c   Data           4  tasks.o(.data)
    uxTopUsedPriority                        0x20000064   Data           4  tasks.o(.data)
    mac                                      0x2000008c   Data           6  inf_w5500.o(.data)
    gw                                       0x20000092   Data           4  inf_w5500.o(.data)
    sub                                      0x20000096   Data           4  inf_w5500.o(.data)
    ip                                       0x2000009a   Data           4  inf_w5500.o(.data)
    data                                     0x200000a4   Data          88  inf_w5500.o(.data)
    callback                                 0x200000fc   Data           4  inf_w5500.o(.data)
    MilliTimer                               0x20000100   Data           4  mqtt_interface.o(.data)
    sock_pack_info                           0x2000010a   Data           8  socket.o(.data)
    WIZCHIP                                  0x20000114   Data          44  wizchip_conf.o(.data)
    __stdout                                 0x2000014c   Data           4  stdout.o(.data)
    __microlib_freelist                      0x20000150   Data           4  mvars.o(.data)
    __microlib_freelist_initialised          0x20000154   Data           4  mvars.o(.data)
    hcan                                     0x20000158   Data          40  can.o(.bss)
    hspi2                                    0x20000180   Data          88  spi.o(.bss)
    huart1                                   0x200001d8   Data          72  usart.o(.bss)
    c                                        0x20002cf0   Data          92  inf_w5500.o(.bss)
    n                                        0x20002d4c   Data          16  inf_w5500.o(.bss)
    ethernet_buf                             0x20002d5c   Data        1024  inf_w5500.o(.bss)
    pubmessage                               0x2000395c   Data          16  inf_w5500.o(.bss)
    header                                   0x2000397c   Data          24  driver_can.o(.bss)
    rxHeader                                 0x20003994   Data          28  driver_can.o(.bss)
    __heap_base                              0x200039b0   Data           0  startup_stm32f103xb.o(HEAP)
    __heap_limit                             0x20003fb0   Data           0  startup_stm32f103xb.o(HEAP)
    __initial_sp                             0x200047b0   Data           0  startup_stm32f103xb.o(STACK)



==============================================================================

Memory Map of the image

  Image Entry point : 0x080000ed

  Load Region LR_IROM1 (Base: 0x08000000, Size: 0x00008de0, Max: 0x00010000, ABSOLUTE, COMPRESSED[0x00008cec])

    Execution Region ER_IROM1 (Exec base: 0x08000000, Load base: 0x08000000, Size: 0x00008c88, Max: 0x00010000, ABSOLUTE)

    Exec Addr    Load Addr    Size         Type   Attr      Idx    E Section Name        Object

    0x08000000   0x08000000   0x000000ec   Data   RO            3    RESET               startup_stm32f103xb.o
    0x080000ec   0x080000ec   0x00000000   Code   RO         5304  * .ARM.Collect$$$$00000000  mc_w.l(entry.o)
    0x080000ec   0x080000ec   0x00000004   Code   RO         5640    .ARM.Collect$$$$00000001  mc_w.l(entry2.o)
    0x080000f0   0x080000f0   0x00000004   Code   RO         5643    .ARM.Collect$$$$00000004  mc_w.l(entry5.o)
    0x080000f4   0x080000f4   0x00000000   Code   RO         5645    .ARM.Collect$$$$00000008  mc_w.l(entry7b.o)
    0x080000f4   0x080000f4   0x00000000   Code   RO         5647    .ARM.Collect$$$$0000000A  mc_w.l(entry8b.o)
    0x080000f4   0x080000f4   0x00000008   Code   RO         5648    .ARM.Collect$$$$0000000B  mc_w.l(entry9a.o)
    0x080000fc   0x080000fc   0x00000004   Code   RO         5655    .ARM.Collect$$$$0000000E  mc_w.l(entry12b.o)
    0x08000100   0x08000100   0x00000000   Code   RO         5650    .ARM.Collect$$$$0000000F  mc_w.l(entry10a.o)
    0x08000100   0x08000100   0x00000000   Code   RO         5652    .ARM.Collect$$$$00000011  mc_w.l(entry11a.o)
    0x08000100   0x08000100   0x00000004   Code   RO         5641    .ARM.Collect$$$$00002712  mc_w.l(entry2.o)
    0x08000104   0x08000104   0x00000096   Code   RO         4095    .emb_text           port.o
    0x0800019a   0x0800019a   0x00000002   PAD
    0x0800019c   0x0800019c   0x00000024   Code   RO            4    .text               startup_stm32f103xb.o
    0x080001c0   0x080001c0   0x00000020   Code   RO         5307    .text               mc_w.l(llushr.o)
    0x080001e0   0x080001e0   0x0000000c   Code   RO         5309    .text               mc_w.l(tolower.o)
    0x080001ec   0x080001ec   0x00000024   Code   RO         5311    .text               mc_w.l(memcpya.o)
    0x08000210   0x08000210   0x00000024   Code   RO         5313    .text               mc_w.l(memseta.o)
    0x08000234   0x08000234   0x0000000e   Code   RO         5315    .text               mc_w.l(strlen.o)
    0x08000242   0x08000242   0x0000001c   Code   RO         5317    .text               mc_w.l(strcmp.o)
    0x0800025e   0x0800025e   0x00000012   Code   RO         5321    .text               mc_w.l(strcpy.o)
    0x08000270   0x08000270   0x0000001e   Code   RO         5323    .text               mc_w.l(strncmp.o)
    0x0800028e   0x0800028e   0x00000016   Code   RO         5325    .text               mc_w.l(strrchr.o)
    0x080002a4   0x080002a4   0x00000038   Code   RO         5618    .text               mc_w.l(__0sscanf.o)
    0x080002dc   0x080002dc   0x00000360   Code   RO         5620    .text               mc_w.l(scanf_fp.o)
    0x0800063c   0x0800063c   0x0000014e   Code   RO         5624    .text               mf_w.l(dadd.o)
    0x0800078a   0x0800078a   0x000000e4   Code   RO         5626    .text               mf_w.l(dmul.o)
    0x0800086e   0x0800086e   0x00000022   Code   RO         5628    .text               mf_w.l(dflti.o)
    0x08000890   0x08000890   0x0000001a   Code   RO         5630    .text               mf_w.l(dfltui.o)
    0x080008aa   0x080008aa   0x0000003e   Code   RO         5632    .text               mf_w.l(dfixi.o)
    0x080008e8   0x080008e8   0x00000030   Code   RO         5636    .text               mf_w.l(cdcmple.o)
    0x08000918   0x08000918   0x00000030   Code   RO         5638    .text               mf_w.l(cdrcmple.o)
    0x08000948   0x08000948   0x0000002c   Code   RO         5657    .text               mc_w.l(uidiv.o)
    0x08000974   0x08000974   0x00000062   Code   RO         5659    .text               mc_w.l(uldiv.o)
    0x080009d6   0x080009d6   0x0000001e   Code   RO         5661    .text               mc_w.l(llshl.o)
    0x080009f4   0x080009f4   0x00000024   Code   RO         5663    .text               mc_w.l(llsshr.o)
    0x08000a18   0x08000a18   0x00000028   Code   RO         5667    .text               mc_w.l(scanf_char.o)
    0x08000a40   0x08000a40   0x00000040   Code   RO         5669    .text               mc_w.l(_sgetc.o)
    0x08000a80   0x08000a80   0x0000009c   Code   RO         5671    .text               mc_w.l(strtod.o)
    0x08000b1c   0x08000b1c   0x00000000   Code   RO         5673    .text               mc_w.l(iusefp.o)
    0x08000b1c   0x08000b1c   0x000000ba   Code   RO         5674    .text               mf_w.l(depilogue.o)
    0x08000bd6   0x08000bd6   0x000000de   Code   RO         5676    .text               mf_w.l(ddiv.o)
    0x08000cb4   0x08000cb4   0x00000018   Code   RO         5678    .text               mf_w.l(dfltul.o)
    0x08000ccc   0x08000ccc   0x00000030   Code   RO         5680    .text               mf_w.l(dfixul.o)
    0x08000cfc   0x08000cfc   0x00000038   Code   RO         5682    .text               mf_w.l(d2f.o)
    0x08000d34   0x08000d34   0x00000024   Code   RO         5684    .text               mc_w.l(init.o)
    0x08000d58   0x08000d58   0x0000000a   Code   RO         5686    .text               mc_w.l(isspace_c.o)
    0x08000d62   0x08000d62   0x00000002   PAD
    0x08000d64   0x08000d64   0x00000330   Code   RO         5688    .text               mc_w.l(_scanf.o)
    0x08001094   0x08001094   0x0000006e   Code   RO         5690    .text               mf_w.l(fepilogue.o)
    0x08001102   0x08001102   0x00000002   PAD
    0x08001104   0x08001104   0x00000028   Code   RO         5692    .text               mc_w.l(ctype_c.o)
    0x0800112c   0x0800112c   0x00000056   Code   RO         5703    .text               mc_w.l(__dczerorl2.o)
    0x08001182   0x08001182   0x00000002   PAD
    0x08001184   0x08001184   0x0000021c   Code   RO         3254    i.App_Task_CANFunction  app_task.o
    0x080013a0   0x080013a0   0x000000c4   Code   RO         3255    i.App_Task_MQTTKeepaliveFunction  app_task.o
    0x08001464   0x08001464   0x0000034c   Code   RO         3256    i.App_Task_ReceiveMQTT  app_task.o
    0x080017b0   0x080017b0   0x0000002c   Code   RO         3257    i.App_Task_Start    app_task.o
    0x080017dc   0x080017dc   0x0000019c   Code   RO         3258    i.App_Task_StartFunction  app_task.o
    0x08001978   0x08001978   0x00000004   Code   RO          412    i.BusFault_Handler  stm32f1xx_it.o
    0x0800197c   0x0800197c   0x0000003c   Code   RO         4278    i.ConnectNetwork    mqtt_interface.o
    0x080019b8   0x080019b8   0x00000002   Code   RO          413    i.DebugMon_Handler  stm32f1xx_it.o
    0x080019ba   0x080019ba   0x00000002   PAD
    0x080019bc   0x080019bc   0x00000030   Code   RO         5261    i.Driver_Can_Init   driver_can.o
    0x080019ec   0x080019ec   0x0000003c   Code   RO         5262    i.Driver_Can_Receive  driver_can.o
    0x08001a28   0x08001a28   0x0000003c   Code   RO         5263    i.Driver_Can_Transmit  driver_can.o
    0x08001a64   0x08001a64   0x00000020   Code   RO          304    i.Driver_SPI_ReadByte  spi.o
    0x08001a84   0x08001a84   0x00000014   Code   RO          305    i.Driver_SPI_Start  spi.o
    0x08001a98   0x08001a98   0x00000014   Code   RO          306    i.Driver_SPI_Stop   spi.o
    0x08001aac   0x08001aac   0x00000018   Code   RO          307    i.Driver_SPI_WriteByte  spi.o
    0x08001ac4   0x08001ac4   0x00000006   Code   RO           13    i.Error_Handler     main.o
    0x08001aca   0x08001aca   0x0000014a   Code   RO          537    i.HAL_CAN_AddTxMessage  stm32f1xx_hal_can.o
    0x08001c14   0x08001c14   0x0000010a   Code   RO          538    i.HAL_CAN_ConfigFilter  stm32f1xx_hal_can.o
    0x08001d1e   0x08001d1e   0x00000028   Code   RO          543    i.HAL_CAN_GetRxFifoFillLevel  stm32f1xx_hal_can.o
    0x08001d46   0x08001d46   0x00000194   Code   RO          544    i.HAL_CAN_GetRxMessage  stm32f1xx_hal_can.o
    0x08001eda   0x08001eda   0x00000036   Code   RO          546    i.HAL_CAN_GetTxMailboxesFreeLevel  stm32f1xx_hal_can.o
    0x08001f10   0x08001f10   0x00000174   Code   RO          549    i.HAL_CAN_Init      stm32f1xx_hal_can.o
    0x08002084   0x08002084   0x00000088   Code   RO          263    i.HAL_CAN_MspInit   can.o
    0x0800210c   0x0800210c   0x0000005e   Code   RO          561    i.HAL_CAN_Start     stm32f1xx_hal_can.o
    0x0800216a   0x0800216a   0x00000002   PAD
    0x0800216c   0x0800216c   0x00000028   Code   RO          776    i.HAL_Delay         stm32f1xx_hal.o
    0x08002194   0x08002194   0x00000320   Code   RO         1091    i.HAL_GPIO_Init     stm32f1xx_hal_gpio.o
    0x080024b4   0x080024b4   0x0000000c   Code   RO         1095    i.HAL_GPIO_WritePin  stm32f1xx_hal_gpio.o
    0x080024c0   0x080024c0   0x0000000c   Code   RO          780    i.HAL_GetTick       stm32f1xx_hal.o
    0x080024cc   0x080024cc   0x00000018   Code   RO          786    i.HAL_IncTick       stm32f1xx_hal.o
    0x080024e4   0x080024e4   0x00000028   Code   RO          787    i.HAL_Init          stm32f1xx_hal.o
    0x0800250c   0x0800250c   0x0000004c   Code   RO          788    i.HAL_InitTick      stm32f1xx_hal.o
    0x08002558   0x08002558   0x00000060   Code   RO          475    i.HAL_MspInit       stm32f1xx_hal_msp.o
    0x080025b8   0x080025b8   0x0000007c   Code   RO         1257    i.HAL_NVIC_SetPriority  stm32f1xx_hal_cortex.o
    0x08002634   0x08002634   0x00000028   Code   RO         1258    i.HAL_NVIC_SetPriorityGrouping  stm32f1xx_hal_cortex.o
    0x0800265c   0x0800265c   0x0000018c   Code   RO          944    i.HAL_RCC_ClockConfig  stm32f1xx_hal_rcc.o
    0x080027e8   0x080027e8   0x0000000c   Code   RO          949    i.HAL_RCC_GetHCLKFreq  stm32f1xx_hal_rcc.o
    0x080027f4   0x080027f4   0x00000020   Code   RO          951    i.HAL_RCC_GetPCLK1Freq  stm32f1xx_hal_rcc.o
    0x08002814   0x08002814   0x00000020   Code   RO          952    i.HAL_RCC_GetPCLK2Freq  stm32f1xx_hal_rcc.o
    0x08002834   0x08002834   0x00000070   Code   RO          953    i.HAL_RCC_GetSysClockFreq  stm32f1xx_hal_rcc.o
    0x080028a4   0x080028a4   0x00000464   Code   RO          956    i.HAL_RCC_OscConfig  stm32f1xx_hal_rcc.o
    0x08002d08   0x08002d08   0x000000be   Code   RO         1788    i.HAL_SPI_Init      stm32f1xx_hal_spi.o
    0x08002dc6   0x08002dc6   0x00000002   PAD
    0x08002dc8   0x08002dc8   0x00000088   Code   RO          309    i.HAL_SPI_MspInit   spi.o
    0x08002e50   0x08002e50   0x00000182   Code   RO         1791    i.HAL_SPI_Receive   stm32f1xx_hal_spi.o
    0x08002fd2   0x08002fd2   0x000001be   Code   RO         1796    i.HAL_SPI_Transmit  stm32f1xx_hal_spi.o
    0x08003190   0x08003190   0x00000248   Code   RO         1797    i.HAL_SPI_TransmitReceive  stm32f1xx_hal_spi.o
    0x080033d8   0x080033d8   0x00000034   Code   RO         1262    i.HAL_SYSTICK_Config  stm32f1xx_hal_cortex.o
    0x0800340c   0x0800340c   0x00000076   Code   RO         2165    i.HAL_UART_Init     stm32f1xx_hal_uart.o
    0x08003482   0x08003482   0x00000002   PAD
    0x08003484   0x08003484   0x00000088   Code   RO          371    i.HAL_UART_MspInit  usart.o
    0x0800350c   0x0800350c   0x000000be   Code   RO         2173    i.HAL_UART_Transmit  stm32f1xx_hal_uart.o
    0x080035ca   0x080035ca   0x00000004   Code   RO          414    i.HardFault_Handler  stm32f1xx_it.o
    0x080035ce   0x080035ce   0x00000002   PAD
    0x080035d0   0x080035d0   0x0000028c   Code   RO         4169    i.Inf_MQTT_Init     inf_w5500.o
    0x0800385c   0x0800385c   0x00000010   Code   RO         4170    i.Inf_MQTT_Keepalive  inf_w5500.o
    0x0800386c   0x0800386c   0x0000000c   Code   RO         4171    i.Inf_MQTT_RegisterReceiveCallback  inf_w5500.o
    0x08003878   0x08003878   0x00000028   Code   RO         4172    i.Inf_MQTT_Transmit  inf_w5500.o
    0x080038a0   0x080038a0   0x00000280   Code   RO         4173    i.Inf_W5500_ConfigNetwork  inf_w5500.o
    0x08003b20   0x08003b20   0x00000010   Code   RO         4174    i.Inf_W5500_Init    inf_w5500.o
    0x08003b30   0x08003b30   0x000000c0   Code   RO         4175    i.Inf_W5500_ReceiveCallback  inf_w5500.o
    0x08003bf0   0x08003bf0   0x00000034   Code   RO         4176    i.Inf_W5500_RegisterCallback  inf_w5500.o
    0x08003c24   0x08003c24   0x0000002c   Code   RO         4177    i.Inf_W5500_Reset   inf_w5500.o
    0x08003c50   0x08003c50   0x00000054   Code   RO         4353    i.MQTTClientInit    mqttclient.o
    0x08003ca4   0x08003ca4   0x000000a8   Code   RO         4354    i.MQTTConnect       mqttclient.o
    0x08003d4c   0x08003d4c   0x0000006c   Code   RO         4929    i.MQTTDeserialize_ack  mqttdeserializepublish.o
    0x08003db8   0x08003db8   0x00000076   Code   RO         4839    i.MQTTDeserialize_connack  mqttconnectclient.o
    0x08003e2e   0x08003e2e   0x000000a8   Code   RO         4930    i.MQTTDeserialize_publish  mqttdeserializepublish.o
    0x08003ed6   0x08003ed6   0x00000092   Code   RO         5174    i.MQTTDeserialize_suback  mqttsubscribeclient.o
    0x08003f68   0x08003f68   0x00000058   Code   RO         5017    i.MQTTPacket_decode  mqttpacket.o
    0x08003fc0   0x08003fc0   0x0000001c   Code   RO         5018    i.MQTTPacket_decodeBuf  mqttpacket.o
    0x08003fdc   0x08003fdc   0x00000036   Code   RO         5020    i.MQTTPacket_encode  mqttpacket.o
    0x08004012   0x08004012   0x00000042   Code   RO         5021    i.MQTTPacket_equals  mqttpacket.o
    0x08004054   0x08004054   0x00000028   Code   RO         5022    i.MQTTPacket_len    mqttpacket.o
    0x0800407c   0x0800407c   0x000000f2   Code   RO         4356    i.MQTTPublish       mqttclient.o
    0x0800416e   0x0800416e   0x00000072   Code   RO         5132    i.MQTTSerialize_ack  mqttserializepublish.o
    0x080041e0   0x080041e0   0x00000168   Code   RO         4840    i.MQTTSerialize_connect  mqttconnectclient.o
    0x08004348   0x08004348   0x00000076   Code   RO         4841    i.MQTTSerialize_connectLength  mqttconnectclient.o
    0x080043be   0x080043be   0x00000012   Code   RO         4843    i.MQTTSerialize_pingreq  mqttconnectclient.o
    0x080043d0   0x080043d0   0x000000b0   Code   RO         5135    i.MQTTSerialize_publish  mqttserializepublish.o
    0x08004480   0x08004480   0x00000022   Code   RO         5136    i.MQTTSerialize_publishLength  mqttserializepublish.o
    0x080044a2   0x080044a2   0x000000ae   Code   RO         5175    i.MQTTSerialize_subscribe  mqttsubscribeclient.o
    0x08004550   0x08004550   0x0000002e   Code   RO         5176    i.MQTTSerialize_subscribeLength  mqttsubscribeclient.o
    0x0800457e   0x0800457e   0x0000004c   Code   RO         4844    i.MQTTSerialize_zero  mqttconnectclient.o
    0x080045ca   0x080045ca   0x000000e8   Code   RO         4358    i.MQTTSubscribe     mqttclient.o
    0x080046b2   0x080046b2   0x00000028   Code   RO         4360    i.MQTTYield         mqttclient.o
    0x080046da   0x080046da   0x00000018   Code   RO         5025    i.MQTTstrlen        mqttpacket.o
    0x080046f2   0x080046f2   0x00000002   PAD
    0x080046f4   0x080046f4   0x00000048   Code   RO          264    i.MX_CAN_Init       can.o
    0x0800473c   0x0800473c   0x000000d0   Code   RO          238    i.MX_GPIO_Init      gpio.o
    0x0800480c   0x0800480c   0x00000044   Code   RO          310    i.MX_SPI2_Init      spi.o
    0x08004850   0x08004850   0x00000038   Code   RO          372    i.MX_USART1_UART_Init  usart.o
    0x08004888   0x08004888   0x00000004   Code   RO          415    i.MemManage_Handler  stm32f1xx_it.o
    0x0800488c   0x0800488c   0x00000004   Code   RO          416    i.NMI_Handler       stm32f1xx_it.o
    0x08004890   0x08004890   0x00000006   Code   RO         4361    i.NewMessageData    mqttclient.o
    0x08004896   0x08004896   0x00000002   PAD
    0x08004898   0x08004898   0x0000001c   Code   RO         4280    i.NewNetwork        mqtt_interface.o
    0x080048b4   0x080048b4   0x00000028   Code   RO          957    i.RCC_Delay         stm32f1xx_hal_rcc.o
    0x080048dc   0x080048dc   0x00000078   Code   RO         1825    i.SPI_EndRxTransaction  stm32f1xx_hal_spi.o
    0x08004954   0x08004954   0x00000044   Code   RO         1826    i.SPI_EndRxTxTransaction  stm32f1xx_hal_spi.o
    0x08004998   0x08004998   0x000000d8   Code   RO         1831    i.SPI_WaitFlagStateUntilTimeout  stm32f1xx_hal_spi.o
    0x08004a70   0x08004a70   0x00000014   Code   RO          417    i.SysTick_Handler   stm32f1xx_it.o
    0x08004a84   0x08004a84   0x00000066   Code   RO           14    i.SystemClock_Config  main.o
    0x08004aea   0x08004aea   0x00000002   Code   RO         2509    i.SystemInit        system_stm32f1xx.o
    0x08004aec   0x08004aec   0x00000018   Code   RO         4281    i.TimerCountdown    mqtt_interface.o
    0x08004b04   0x08004b04   0x00000010   Code   RO         4282    i.TimerCountdownMS  mqtt_interface.o
    0x08004b14   0x08004b14   0x00000006   Code   RO         4283    i.TimerInit         mqtt_interface.o
    0x08004b1a   0x08004b1a   0x00000002   PAD
    0x08004b1c   0x08004b1c   0x00000014   Code   RO         4284    i.TimerIsExpired    mqtt_interface.o
    0x08004b30   0x08004b30   0x0000001c   Code   RO         4285    i.TimerLeftMS       mqtt_interface.o
    0x08004b4c   0x08004b4c   0x0000006c   Code   RO         2188    i.UART_EndRxTransfer  stm32f1xx_hal_uart.o
    0x08004bb8   0x08004bb8   0x000000fc   Code   RO         2192    i.UART_SetConfig    stm32f1xx_hal_uart.o
    0x08004cb4   0x08004cb4   0x0000008c   Code   RO         2196    i.UART_WaitOnFlagUntilTimeout  stm32f1xx_hal_uart.o
    0x08004d40   0x08004d40   0x00000004   Code   RO          418    i.UsageFault_Handler  stm32f1xx_it.o
    0x08004d44   0x08004d44   0x00000074   Code   RO         4551    i.WIZCHIP_READ      w5500.o
    0x08004db8   0x08004db8   0x0000008c   Code   RO         4552    i.WIZCHIP_READ_BUF  w5500.o
    0x08004e44   0x08004e44   0x00000074   Code   RO         4553    i.WIZCHIP_WRITE     w5500.o
    0x08004eb8   0x08004eb8   0x00000088   Code   RO         4554    i.WIZCHIP_WRITE_BUF  w5500.o
    0x08004f40   0x08004f40   0x00000020   Code   RO         5562    i.__0printf         mc_w.l(printfa.o)
    0x08004f60   0x08004f60   0x00000028   Code   RO         5564    i.__0sprintf        mc_w.l(printfa.o)
    0x08004f88   0x08004f88   0x00000010   Code   RO         1264    i.__NVIC_GetPriorityGrouping  stm32f1xx_hal_cortex.o
    0x08004f98   0x08004f98   0x00000028   Code   RO         1265    i.__NVIC_SetPriority  stm32f1xx_hal_cortex.o
    0x08004fc0   0x08004fc0   0x0000005c   Code   RO         5594    i.__free$realloc    mc_w.l(mallocr.o)
    0x0800501c   0x0800501c   0x00000050   Code   RO         5595    i.__malloc$realloc  mc_w.l(mallocr.o)
    0x0800506c   0x0800506c   0x0000000e   Code   RO         5697    i.__scatterload_copy  mc_w.l(handlers.o)
    0x0800507a   0x0800507a   0x00000002   Code   RO         5698    i.__scatterload_null  mc_w.l(handlers.o)
    0x0800507c   0x0800507c   0x0000000e   Code   RO         5699    i.__scatterload_zeroinit  mc_w.l(handlers.o)
    0x0800508a   0x0800508a   0x00000002   PAD
    0x0800508c   0x0800508c   0x00000184   Code   RO         5569    i._fp_digits        mc_w.l(printfa.o)
    0x08005210   0x08005210   0x0000000e   Code   RO         5622    i._is_digit         mc_w.l(scanf_fp.o)
    0x0800521e   0x0800521e   0x00000002   PAD
    0x08005220   0x08005220   0x000006b4   Code   RO         5570    i._printf_core      mc_w.l(printfa.o)
    0x080058d4   0x080058d4   0x00000024   Code   RO         5571    i._printf_post_padding  mc_w.l(printfa.o)
    0x080058f8   0x080058f8   0x0000002e   Code   RO         5572    i._printf_pre_padding  mc_w.l(printfa.o)
    0x08005926   0x08005926   0x0000000a   Code   RO         5574    i._sputc            mc_w.l(printfa.o)
    0x08005930   0x08005930   0x00000036   Code   RO         2575    i.add_item_to_array  cjson.o
    0x08005966   0x08005966   0x0000007a   Code   RO         2576    i.add_item_to_object  cjson.o
    0x080059e0   0x080059e0   0x00000028   Code   RO         5026    i.bufchar           mqttpacket.o
    0x08005a08   0x08005a08   0x00000048   Code   RO         2577    i.buffer_skip_whitespace  cjson.o
    0x08005a50   0x08005a50   0x0000003c   Code   RO         2587    i.cJSON_AddNumberToObject  cjson.o
    0x08005a8c   0x08005a8c   0x00000034   Code   RO         2590    i.cJSON_AddStringToObject  cjson.o
    0x08005ac0   0x08005ac0   0x00000064   Code   RO         2601    i.cJSON_CreateNumber  cjson.o
    0x08005b24   0x08005b24   0x00000018   Code   RO         2602    i.cJSON_CreateObject  cjson.o
    0x08005b3c   0x08005b3c   0x00000034   Code   RO         2605    i.cJSON_CreateString  cjson.o
    0x08005b70   0x08005b70   0x00000060   Code   RO         2609    i.cJSON_Delete      cjson.o
    0x08005bd0   0x08005bd0   0x00000012   Code   RO         2623    i.cJSON_GetObjectItemCaseSensitive  cjson.o
    0x08005be2   0x08005be2   0x00000016   Code   RO         2633    i.cJSON_IsNumber    cjson.o
    0x08005bf8   0x08005bf8   0x00000016   Code   RO         2636    i.cJSON_IsString    cjson.o
    0x08005c0e   0x08005c0e   0x0000001a   Code   RO         2639    i.cJSON_New_Item    cjson.o
    0x08005c28   0x08005c28   0x00000014   Code   RO         2641    i.cJSON_ParseWithLength  cjson.o
    0x08005c3c   0x08005c3c   0x000000d4   Code   RO         2642    i.cJSON_ParseWithLengthOpts  cjson.o
    0x08005d10   0x08005d10   0x00000014   Code   RO         2647    i.cJSON_PrintUnformatted  cjson.o
    0x08005d24   0x08005d24   0x00000038   Code   RO         2657    i.cJSON_strdup      cjson.o
    0x08005d5c   0x08005d5c   0x00000048   Code   RO         2658    i.case_insensitive_strcmp  cjson.o
    0x08005da4   0x08005da4   0x00000002   Code   RO         2659    i.cast_away_const   cjson.o
    0x08005da6   0x08005da6   0x00000002   PAD
    0x08005da8   0x08005da8   0x000000a0   Code   RO         4469    i.close             socket.o
    0x08005e48   0x08005e48   0x00000074   Code   RO         2660    i.compare_double    cjson.o
    0x08005ebc   0x08005ebc   0x0000015c   Code   RO         4470    i.connect           socket.o
    0x08006018   0x08006018   0x0000013e   Code   RO         4362    i.cycle             mqttclient.o
    0x08006156   0x08006156   0x0000006a   Code   RO         4363    i.decodePacket      mqttclient.o
    0x080061c0   0x080061c0   0x0000008c   Code   RO         4364    i.deliverMessage    mqttclient.o
    0x0800624c   0x0800624c   0x000000bc   Code   RO         4472    i.disconnect        socket.o
    0x08006308   0x08006308   0x000000b8   Code   RO         2662    i.ensure            cjson.o
    0x080063c0   0x080063c0   0x0000001c   Code   RO         2546    i.fputc             common_debug.o
    0x080063dc   0x080063dc   0x00000018   Code   RO         4365    i.getNextPacketId   mqttclient.o
    0x080063f4   0x080063f4   0x0000006c   Code   RO         4555    i.getSn_RX_RSR      w5500.o
    0x08006460   0x08006460   0x0000006c   Code   RO         4556    i.getSn_TX_FSR      w5500.o
    0x080064cc   0x080064cc   0x00000004   Code   RO         2664    i.get_decimal_point  cjson.o
    0x080064d0   0x080064d0   0x00000052   Code   RO         2665    i.get_object_item   cjson.o
    0x08006522   0x08006522   0x00000002   PAD
    0x08006524   0x08006524   0x00000050   Code   RO         5596    i.internal_alloc    mc_w.l(mallocr.o)
    0x08006574   0x08006574   0x00000076   Code   RO         4366    i.isTopicMatched    mqttclient.o
    0x080065ea   0x080065ea   0x00000056   Code   RO         4367    i.keepalive         mqttclient.o
    0x08006640   0x08006640   0x000000bc   Code   RO           15    i.main              main.o
    0x080066fc   0x080066fc   0x000000f8   Code   RO         2667    i.parse_array       cjson.o
    0x080067f4   0x080067f4   0x0000005a   Code   RO         2668    i.parse_hex4        cjson.o
    0x0800684e   0x0800684e   0x00000002   PAD
    0x08006850   0x08006850   0x00000138   Code   RO         2669    i.parse_number      cjson.o
    0x08006988   0x08006988   0x0000014c   Code   RO         2670    i.parse_object      cjson.o
    0x08006ad4   0x08006ad4   0x0000018e   Code   RO         2671    i.parse_string      cjson.o
    0x08006c62   0x08006c62   0x00000002   PAD
    0x08006c64   0x08006c64   0x0000013c   Code   RO         2672    i.parse_value       cjson.o
    0x08006da0   0x08006da0   0x000000bc   Code   RO         2673    i.print             cjson.o
    0x08006e5c   0x08006e5c   0x000000b2   Code   RO         2674    i.print_array       cjson.o
    0x08006f0e   0x08006f0e   0x00000002   PAD
    0x08006f10   0x08006f10   0x00000154   Code   RO         2675    i.print_number      cjson.o
    0x08007064   0x08007064   0x00000174   Code   RO         2676    i.print_object      cjson.o
    0x080071d8   0x080071d8   0x00000010   Code   RO         2677    i.print_string      cjson.o
    0x080071e8   0x080071e8   0x00000174   Code   RO         2678    i.print_string_ptr  cjson.o
    0x0800735c   0x0800735c   0x00000104   Code   RO         2679    i.print_value       cjson.o
    0x08007460   0x08007460   0x000000c0   Code   RO         3722    i.prvAddCurrentTaskToDelayedList  tasks.o
    0x08007520   0x08007520   0x000000e4   Code   RO         3723    i.prvAddNewTaskToReadyList  tasks.o
    0x08007604   0x08007604   0x00000048   Code   RO         3724    i.prvCheckTasksWaitingTermination  tasks.o
    0x0800764c   0x0800764c   0x00000012   Code   RO         3725    i.prvDeleteTCB      tasks.o
    0x0800765e   0x0800765e   0x00000002   PAD
    0x08007660   0x08007660   0x00000070   Code   RO         4034    i.prvHeapInit       heap_4.o
    0x080076d0   0x080076d0   0x00000028   Code   RO         3726    i.prvIdleTask       tasks.o
    0x080076f8   0x080076f8   0x0000007a   Code   RO         3727    i.prvInitialiseNewTask  tasks.o
    0x08007772   0x08007772   0x00000002   PAD
    0x08007774   0x08007774   0x00000068   Code   RO         3728    i.prvInitialiseTaskLists  tasks.o
    0x080077dc   0x080077dc   0x00000068   Code   RO         4035    i.prvInsertBlockIntoFreeList  heap_4.o
    0x08007844   0x08007844   0x00000030   Code   RO         3729    i.prvResetNextTaskUnblockTime  tasks.o
    0x08007874   0x08007874   0x00000016   Code   RO         4096    i.prvTaskExitError  port.o
    0x0800788a   0x0800788a   0x00000002   PAD
    0x0800788c   0x0800788c   0x000000e4   Code   RO         4037    i.pvPortMalloc      heap_4.o
    0x08007970   0x08007970   0x00000024   Code   RO         4097    i.pxPortInitialiseStack  port.o
    0x08007994   0x08007994   0x0000000e   Code   RO         5028    i.readChar          mqttpacket.o
    0x080079a2   0x080079a2   0x0000001a   Code   RO         5029    i.readInt           mqttpacket.o
    0x080079bc   0x080079bc   0x0000003a   Code   RO         5030    i.readMQTTLenString  mqttpacket.o
    0x080079f6   0x080079f6   0x0000008c   Code   RO         4368    i.readPacket        mqttclient.o
    0x08007a82   0x08007a82   0x00000002   PAD
    0x08007a84   0x08007a84   0x0000006c   Code   RO         5597    i.realloc           mc_w.l(mallocr.o)
    0x08007af0   0x08007af0   0x00000120   Code   RO         4475    i.recv              socket.o
    0x08007c10   0x08007c10   0x00000028   Code   RO         4614    i.reg_wizchip_cris_cbfunc  wizchip_conf.o
    0x08007c38   0x08007c38   0x00000028   Code   RO         4615    i.reg_wizchip_cs_cbfunc  wizchip_conf.o
    0x08007c60   0x08007c60   0x00000034   Code   RO         4616    i.reg_wizchip_spi_cbfunc  wizchip_conf.o
    0x08007c94   0x08007c94   0x00000180   Code   RO         4477    i.send              socket.o
    0x08007e14   0x08007e14   0x00000060   Code   RO         4369    i.sendPacket        mqttclient.o
    0x08007e74   0x08007e74   0x0000003c   Code   RO         2683    i.skip_utf8_bom     cjson.o
    0x08007eb0   0x08007eb0   0x00000194   Code   RO         4480    i.socket            socket.o
    0x08008044   0x08008044   0x0000001c   Code   RO         5301    i.strtod            m_ws.l(strtod.o)
    0x08008060   0x08008060   0x00000006   Code   RO         2684    i.suffix_object     cjson.o
    0x08008066   0x08008066   0x00000024   Code   RO         2685    i.update_offset     cjson.o
    0x0800808a   0x0800808a   0x0000012c   Code   RO         2686    i.utf16_literal_to_utf8  cjson.o
    0x080081b6   0x080081b6   0x00000028   Code   RO         3406    i.uxListRemove      list.o
    0x080081de   0x080081de   0x0000001a   Code   RO         3407    i.vListInitialise   list.o
    0x080081f8   0x080081f8   0x00000006   Code   RO         3408    i.vListInitialiseItem  list.o
    0x080081fe   0x080081fe   0x00000034   Code   RO         3409    i.vListInsert       list.o
    0x08008232   0x08008232   0x00000018   Code   RO         3410    i.vListInsertEnd    list.o
    0x0800824a   0x0800824a   0x00000002   PAD
    0x0800824c   0x0800824c   0x00000024   Code   RO         4099    i.vPortEnterCritical  port.o
    0x08008270   0x08008270   0x00000020   Code   RO         4100    i.vPortExitCritical  port.o
    0x08008290   0x08008290   0x0000004c   Code   RO         4038    i.vPortFree         heap_4.o
    0x080082dc   0x080082dc   0x00000018   Code   RO         4101    i.vPortSetupTimerInterrupt  port.o
    0x080082f4   0x080082f4   0x00000034   Code   RO         3737    i.vTaskDelay        tasks.o
    0x08008328   0x08008328   0x000000d4   Code   RO         3738    i.vTaskDelete       tasks.o
    0x080083fc   0x080083fc   0x0000006c   Code   RO         3749    i.vTaskStartScheduler  tasks.o
    0x08008468   0x08008468   0x00000010   Code   RO         3751    i.vTaskSuspendAll   tasks.o
    0x08008478   0x08008478   0x00000060   Code   RO         3752    i.vTaskSwitchContext  tasks.o
    0x080084d8   0x080084d8   0x0000000c   Code   RO         4286    i.w5x00_disconnect  mqtt_interface.o
    0x080084e4   0x080084e4   0x0000003e   Code   RO         4287    i.w5x00_read        mqtt_interface.o
    0x08008522   0x08008522   0x00000034   Code   RO         4288    i.w5x00_write       mqtt_interface.o
    0x08008556   0x08008556   0x00000030   Code   RO         4370    i.waitfor           mqttclient.o
    0x08008586   0x08008586   0x00000084   Code   RO         4557    i.wiz_recv_data     w5500.o
    0x0800860a   0x0800860a   0x00000084   Code   RO         4559    i.wiz_send_data     w5500.o
    0x0800868e   0x0800868e   0x00000006   Code   RO         4618    i.wizchip_bus_readdata  wizchip_conf.o
    0x08008694   0x08008694   0x00000004   Code   RO         4619    i.wizchip_bus_writedata  wizchip_conf.o
    0x08008698   0x08008698   0x00000002   Code   RO         4621    i.wizchip_cris_enter  wizchip_conf.o
    0x0800869a   0x0800869a   0x00000002   Code   RO         4622    i.wizchip_cris_exit  wizchip_conf.o
    0x0800869c   0x0800869c   0x00000002   Code   RO         4623    i.wizchip_cs_deselect  wizchip_conf.o
    0x0800869e   0x0800869e   0x00000002   Code   RO         4624    i.wizchip_cs_select  wizchip_conf.o
    0x080086a0   0x080086a0   0x00000004   Code   RO         4636    i.wizchip_spi_readbyte  wizchip_conf.o
    0x080086a4   0x080086a4   0x00000002   Code   RO         4638    i.wizchip_spi_writebyte  wizchip_conf.o
    0x080086a6   0x080086a6   0x00000028   Code   RO         5031    i.writeCString      mqttpacket.o
    0x080086ce   0x080086ce   0x0000000c   Code   RO         5032    i.writeChar         mqttpacket.o
    0x080086da   0x080086da   0x00000030   Code   RO         5033    i.writeInt          mqttpacket.o
    0x0800870a   0x0800870a   0x0000003e   Code   RO         5034    i.writeMQTTString   mqttpacket.o
    0x08008748   0x08008748   0x00000034   Code   RO         4102    i.xPortStartScheduler  port.o
    0x0800877c   0x0800877c   0x00000034   Code   RO         4103    i.xPortSysTickHandler  port.o
    0x080087b0   0x080087b0   0x00000068   Code   RO         3755    i.xTaskCreate       tasks.o
    0x08008818   0x08008818   0x00000074   Code   RO         3756    i.xTaskDelayUntil   tasks.o
    0x0800888c   0x0800888c   0x00000020   Code   RO         3762    i.xTaskGetSchedulerState  tasks.o
    0x080088ac   0x080088ac   0x0000000c   Code   RO         3763    i.xTaskGetTickCount  tasks.o
    0x080088b8   0x080088b8   0x00000190   Code   RO         3765    i.xTaskIncrementTick  tasks.o
    0x08008a48   0x08008a48   0x0000015c   Code   RO         3767    i.xTaskResumeAll    tasks.o
    0x08008ba4   0x08008ba4   0x00000012   Data   RO          958    .constdata          stm32f1xx_hal_rcc.o
    0x08008bb6   0x08008bb6   0x00000018   Data   RO         2510    .constdata          system_stm32f1xx.o
    0x08008bce   0x08008bce   0x00000002   PAD
    0x08008bd0   0x08008bd0   0x00000058   Data   RO         4371    .constdata          mqttclient.o
    0x08008c28   0x08008c28   0x00000040   Data   RO         5693    .constdata          mc_w.l(ctype_c.o)
    0x08008c68   0x08008c68   0x00000020   Data   RO         5695    Region$$Table       anon$$obj.o


    Execution Region RW_IRAM1 (Exec base: 0x20000000, Load base: 0x08008c88, Size: 0x000047b0, Max: 0x00005000, ABSOLUTE, COMPRESSED[0x00000064])

    Exec Addr    Load Addr    Size         Type   Attr      Idx    E Section Name        Object

    0x20000000   COMPRESSED   0x00000009   Data   RW          794    .data               stm32f1xx_hal.o
    0x20000009   COMPRESSED   0x00000003   PAD
    0x2000000c   COMPRESSED   0x00000004   Data   RW         2511    .data               system_stm32f1xx.o
    0x20000010   COMPRESSED   0x00000014   Data   RW         2688    .data               cjson.o
    0x20000024   COMPRESSED   0x00000008   Data   RW         3259    .data               app_task.o
    0x2000002c   COMPRESSED   0x00000040   Data   RW         3770    .data               tasks.o
    0x2000006c   COMPRESSED   0x0000001c   Data   RW         4044    .data               heap_4.o
    0x20000088   COMPRESSED   0x00000004   Data   RW         4104    .data               port.o
    0x2000008c   COMPRESSED   0x00000074   Data   RW         4179    .data               inf_w5500.o
    0x20000100   COMPRESSED   0x00000004   Data   RW         4289    .data               mqtt_interface.o
    0x20000104   COMPRESSED   0x0000000e   Data   RW         4482    .data               socket.o
    0x20000112   COMPRESSED   0x00000002   PAD
    0x20000114   COMPRESSED   0x00000031   Data   RW         4647    .data               wizchip_conf.o
    0x20000145   COMPRESSED   0x00000003   PAD
    0x20000148   COMPRESSED   0x00000004   Data   RW         5035    .data               mqttpacket.o
    0x2000014c   COMPRESSED   0x00000004   Data   RW         5656    .data               mc_w.l(stdout.o)
    0x20000150   COMPRESSED   0x00000004   Data   RW         5665    .data               mc_w.l(mvars.o)
    0x20000154   COMPRESSED   0x00000004   Data   RW         5666    .data               mc_w.l(mvars.o)
    0x20000158        -       0x00000028   Zero   RW          265    .bss                can.o
    0x20000180        -       0x00000058   Zero   RW          311    .bss                spi.o
    0x200001d8        -       0x00000048   Zero   RW          373    .bss                usart.o
    0x20000220        -       0x000002d0   Zero   RW         3769    .bss                tasks.o
    0x200004f0        -       0x00002800   Zero   RW         4043    .bss                heap_4.o
    0x20002cf0        -       0x00000c7c   Zero   RW         4178    .bss                inf_w5500.o
    0x2000396c        -       0x00000010   Zero   RW         4481    .bss                socket.o
    0x2000397c        -       0x00000034   Zero   RW         5264    .bss                driver_can.o
    0x200039b0        -       0x00000600   Zero   RW            2    HEAP                startup_stm32f103xb.o
    0x20003fb0        -       0x00000800   Zero   RW            1    STACK               startup_stm32f103xb.o


==============================================================================

Image component sizes


      Code (inc. data)   RO Data    RW Data    ZI Data      Debug   Object Name

      2036        542          0          8          0       4481   app_task.o
       208         22          0          0         40       1715   can.o
      5312        182          0         20          0      39103   cjson.o
        28          6          0          0          0        552   common_debug.o
       168         20          0          0         52       2475   driver_can.o
         0          0          0          0          0       2548   event_groups.o
       208         12          0          0          0       1007   gpio.o
       520         58          0         28      10240       4675   heap_4.o
      1664        546          0        116       3196      11071   inf_w5500.o
       148          0          0          0          0       3350   list.o
       296         50          0          0          0     429932   main.o
       308         34          0          4          0       6788   mqtt_interface.o
      1848         18         88          0          0      14800   mqttclient.o
       690         18          0          0          0       7105   mqttconnectclient.o
       276          0          0          0          0       2696   mqttdeserializepublish.o
       600         18          0          4          0      10064   mqttpacket.o
       324          0          0          0          0       2786   mqttserializepublish.o
       366          0          0          0          0       3403   mqttsubscribeclient.o
       404         48          0          4          0       9240   port.o
      1772         68          0         14         16       5879   socket.o
       300         42          0          0         88       3643   spi.o
        36          8        236          0       3584        824   startup_stm32f103xb.o
       192         36          0          9          0       6053   stm32f1xx_hal.o
      1560          0          0          0          0       6547   stm32f1xx_hal_can.o
       272         22          0          0          0      28870   stm32f1xx_hal_cortex.o
       812         34          0          0          0       2736   stm32f1xx_hal_gpio.o
        96         10          0          0          0        938   stm32f1xx_hal_msp.o
      1748         98         18          0          0       6136   stm32f1xx_hal_rcc.o
      2010          6          0          0          0       7646   stm32f1xx_hal_spi.o
       808          4          0          0          0       4504   stm32f1xx_hal_uart.o
        42          0          0          0          0       3227   stm32f1xx_it.o
         2          0         24          4          0       1179   system_stm32f1xx.o
      2320        322          0         64        720      29124   tasks.o
       192         24          0          0         72       1734   usart.o
       988         16          0          0          0       5840   w5500.o
       156         40          0         49          0       9194   wizchip_conf.o

    ----------------------------------------------------------------------
     28748       2304        400        332      18008     681865   Object Totals
         0          0         32          0          0          0   (incl. Generated)
        38          0          2          8          0          0   (incl. Padding)

    ----------------------------------------------------------------------

      Code (inc. data)   RO Data    RW Data    ZI Data      Debug   Library Member Name

        28          0          0          0          0         80   strtod.o
        56          8          0          0          0         84   __0sscanf.o
        86          0          0          0          0          0   __dczerorl2.o
       816          6          0          0          0        112   _scanf.o
        64          0          0          0          0         84   _sgetc.o
        40          6         64          0          0         68   ctype_c.o
         0          0          0          0          0          0   entry.o
         0          0          0          0          0          0   entry10a.o
         0          0          0          0          0          0   entry11a.o
         4          0          0          0          0          0   entry12b.o
         8          4          0          0          0          0   entry2.o
         4          0          0          0          0          0   entry5.o
         0          0          0          0          0          0   entry7b.o
         0          0          0          0          0          0   entry8b.o
         8          4          0          0          0          0   entry9a.o
        30          0          0          0          0          0   handlers.o
        36          8          0          0          0         68   init.o
        10          0          0          0          0         68   isspace_c.o
         0          0          0          0          0          0   iusefp.o
        30          0          0          0          0         68   llshl.o
        36          0          0          0          0         68   llsshr.o
        32          0          0          0          0         68   llushr.o
       360         30          0          0          0        356   mallocr.o
        36          0          0          0          0         68   memcpya.o
        36          0          0          0          0        108   memseta.o
         0          0          0          8          0          0   mvars.o
      2268         96          0          0          0        616   printfa.o
        40          8          0          0          0         84   scanf_char.o
       878         12          0          0          0        216   scanf_fp.o
         0          0          0          4          0          0   stdout.o
        28          0          0          0          0         76   strcmp.o
        18          0          0          0          0         68   strcpy.o
        14          0          0          0          0         68   strlen.o
        30          0          0          0          0         80   strncmp.o
        22          0          0          0          0         68   strrchr.o
       156         12          0          0          0        120   strtod.o
        12          0          0          0          0         68   tolower.o
        44          0          0          0          0         80   uidiv.o
        98          0          0          0          0         92   uldiv.o
        48          0          0          0          0         68   cdcmple.o
        48          0          0          0          0         68   cdrcmple.o
        56          0          0          0          0         88   d2f.o
       334          0          0          0          0        148   dadd.o
       222          0          0          0          0        100   ddiv.o
       186          0          0          0          0        176   depilogue.o
        62          0          0          0          0         80   dfixi.o
        48          0          0          0          0         68   dfixul.o
        34          0          0          0          0         76   dflti.o
        26          0          0          0          0         76   dfltui.o
        24          0          0          0          0         76   dfltul.o
       228          0          0          0          0         96   dmul.o
       110          0          0          0          0        168   fepilogue.o

    ----------------------------------------------------------------------
      6764        194         64         12          0       4224   Library Totals
        10          0          0          0          0          0   (incl. Padding)

    ----------------------------------------------------------------------

      Code (inc. data)   RO Data    RW Data    ZI Data      Debug   Library Name

        28          0          0          0          0         80   m_ws.l
      5300        194         64         12          0       2856   mc_w.l
      1426          0          0          0          0       1288   mf_w.l

    ----------------------------------------------------------------------
      6764        194         64         12          0       4224   Library Totals

    ----------------------------------------------------------------------

==============================================================================


      Code (inc. data)   RO Data    RW Data    ZI Data      Debug   

     35512       2498        464        344      18008     672125   Grand Totals
     35512       2498        464        100      18008     672125   ELF Image Totals (compressed)
     35512       2498        464        100          0          0   ROM Totals

==============================================================================

    Total RO  Size (Code + RO Data)                35976 (  35.13kB)
    Total RW  Size (RW Data + ZI Data)             18352 (  17.92kB)
    Total ROM Size (Code + RO Data + RW Data)      36076 (  35.23kB)

==============================================================================

