<html>
<body>
<pre>
<h1>µVision Build Log</h1>
<h2>Tool Versions:</h2>
IDE-Version: ¦ÌVision V5.38.0.0
Copyright (C) 2022 ARM Ltd and ARM Germany GmbH. All rights reserved.
License Information: a Lenovo, a, LIC=32B1Q-N8DDY-LQV0Q-NNPZN-V8YHT-BSF3A
 
Tool Versions:
Toolchain:       MDK-ARM Plus  Version: 5.38.0.0
Toolchain Path:  C:\Keil_v5\ARM\ARMCC\Bin
C Compiler:      Armcc.exe V5.06 update 7 (build 960)
Assembler:       Armasm.exe V5.06 update 7 (build 960)
Linker/Locator:  ArmLink.exe V5.06 update 7 (build 960)
Library Manager: ArmAr.exe V5.06 update 7 (build 960)
Hex Converter:   FromElf.exe V5.06 update 7 (build 960)
CPU DLL:         SARMCM3.DLL V5.38.0.0
Dialog DLL:      DCM.DLL V1.17.5.0
Target DLL:      STLink\ST-LINKIII-KEIL_SWO.dll V3.1.0.0
Dialog DLL:      TCM.DLL V1.56.4.0
 
<h2>Project:</h2>
d:\250320\code\Motor\Gateway_Can_Hal\MDK-ARM\Gateway_Can_Hal.uvprojx
Project File Date:  07/19/2025

<h2>Output:</h2>
*** Using Compiler 'V5.06 update 7 (build 960)', folder: 'C:\Keil_v5\ARM\ARMCC\Bin'
Build target 'Gateway_Can_Hal'
assembling startup_stm32f103xb.s...
compiling spi.c...
compiling main.c...
compiling usart.c...
compiling stm32f1xx_hal.c...
compiling can.c...
compiling stm32f1xx_hal_rcc_ex.c...
compiling stm32f1xx_hal_msp.c...
compiling gpio.c...
compiling stm32f1xx_hal_gpio.c...
compiling stm32f1xx_hal_can.c...
compiling stm32f1xx_hal_gpio_ex.c...
compiling stm32f1xx_hal_dma.c...
compiling stm32f1xx_hal_cortex.c...
compiling stm32f1xx_hal_rcc.c...
compiling stm32f1xx_it.c...
compiling croutine.c...
compiling event_groups.c...
compiling list.c...
compiling cJSON.c...
compiling queue.c...
compiling timers.c...
compiling stream_buffer.c...
compiling tasks.c...
compiling stm32f1xx_hal_exti.c...
compiling stm32f1xx_hal_pwr.c...
compiling stm32f1xx_hal_flash_ex.c...
compiling stm32f1xx_hal_flash.c...
compiling stm32f1xx_hal_tim.c...
compiling heap_4.c...
compiling system_stm32f1xx.c...
compiling port.c...
compiling mqtt_interface.c...
compiling stm32f1xx_hal_tim_ex.c...
compiling Common_Debug.c...
compiling stm32f1xx_hal_spi.c...
compiling stm32f1xx_hal_uart.c...
compiling w5500.c...
compiling MQTTClient.c...
compiling socket.c...
compiling wizchip_conf.c...
compiling MQTTConnectClient.c...
compiling MQTTConnectServer.c...
compiling MQTTDeserializePublish.c...
compiling App_Task.c...
..\App\Task\App_Task.c(168): warning:  #167-D: argument of type "char *" is incompatible with parameter of type "uint8_t *"
              Inf_MQTT_Transmit("response", json, strlen(json));
..\App\Task\App_Task.c(172): warning:  #1-D: last line of file ends without a newline
  }
..\App\Task\App_Task.c: 2 warnings, 0 errors
compiling MQTTFormat.c...
..\Inf\W5500\MQTTPacket\src\MQTTFormat.c(197): warning:  #550-D: variable "rc"  was set but never used
  		int rc;
..\Inf\W5500\MQTTPacket\src\MQTTFormat.c: 1 warning, 0 errors
compiling MQTTPacket.c...
compiling MQTTSerializePublish.c...
compiling MQTTSubscribeClient.c...
compiling MQTTSubscribeServer.c...
compiling MQTTUnsubscribeClient.c...
compiling MQTTUnsubscribeServer.c...
compiling Inf_W5500.c...
compiling Driver_Can.c...
linking...
Program Size: Code=35376 RO-data=464 RW-data=344 ZI-data=18008  
FromELF: creating hex file...
"Gateway_Can_Hal\Gateway_Can_Hal.axf" - 0 Error(s), 3 Warning(s).

<h2>Software Packages used:</h2>

Package Vendor: ARM
                http://www.keil.com/pack/ARM.CMSIS.5.9.0.pack
                ARM.CMSIS.5.9.0
                CMSIS (Common Microcontroller Software Interface Standard)
   * Component: CORE Version: 5.6.0

Package Vendor: Keil
                https://www.keil.com/pack/Keil.STM32F1xx_DFP.2.4.1.pack
                Keil.STM32F1xx_DFP.2.4.1
                STMicroelectronics STM32F1 Series Device Support, Drivers and Examples

<h2>Collection of Component include folders:</h2>
  ./RTE/_Gateway_Can_Hal
  C:/KeilPacks/ARM/CMSIS/5.9.0/CMSIS/Core/Include
  C:/KeilPacks/Keil/STM32F1xx_DFP/2.4.1/Device/Include

<h2>Collection of Component Files used:</h2>

   * Component: ARM::CMSIS:CORE:5.6.0
      Include file:  CMSIS/Core/Include/tz_context.h
Build Time Elapsed:  00:00:05
</pre>
</body>
</html>
